Microchip MPLAB XC8 Compiler V1.45 ()

Linker command line:

-W-3 --edf=C:\Program Files\Microchip\xc8\v1.45\dat\en_msgs.txt \
  --UDF=html\Build.production.link.html -cs \
  -h+dist/default/production\Build.production.sym \
  --cmf=dist/default/production\Build.production.cmf -z -Q16F18313 \
  -oC:\Users\acer\AppData\Local\Temp\s5ot0.2 \
  -Mdist/default/production/Build.production.map -E1 -ver=XC8 \
  -ASTACK=02098h-020efh -pstack=STACK -p_sys_ver_text=F0F2h \
  -ACODE=02A0h-07FFh -ASTRCODE=02A0h-07FFh \
  -ASTRING=02A0h-02FFh,0300h-03FFhx5 -ACONST=02A0h-02FFh,0300h-03FFhx5 \
  -AENTRY=02A0h-02FFh,0300h-03FFhx5 -ACOMMON=070h-07Fh -ABANK0=020h-06Fh \
  -ABANK1=0A0h-0EFh -ABANK2=0120h-016Fh -ABIGRAM=02000h-020EFh \
  -ARAM=020h-06Fh,0A0h-0EFh,0120h-016Fh \
  -AABS1=020h-07Fh,0A0h-0EFh,0120h-016Fh -ASFR0=00h-01Fh -ASFR1=080h-09Fh \
  -ASFR2=0100h-011Fh -ASFR3=0180h-01EFh -ASFR4=0200h-026Fh \
  -ASFR5=0280h-02EFh -ASFR6=0300h-036Fh -ASFR7=0380h-03EFh \
  -ASFR8=0400h-046Fh -ASFR9=0480h-04EFh -ASFR10=0500h-056Fh \
  -ASFR11=0580h-05EFh -ASFR12=0600h-066Fh -ASFR13=0680h-06EFh \
  -ASFR14=0700h-076Fh -ASFR15=0780h-07EFh -ASFR16=0800h-086Fh \
  -ASFR17=0880h-08EFh -ASFR18=0900h-096Fh -ASFR19=0980h-09EFh \
  -ASFR20=0A00h-0A6Fh -ASFR21=0A80h-0AEFh -ASFR22=0B00h-0B6Fh \
  -ASFR23=0B80h-0BEFh -ASFR24=0C00h-0C6Fh -ASFR25=0C80h-0CEFh \
  -ASFR26=0D00h-0D6Fh -ASFR27=0D80h-0DEFh -ASFR28=0E00h-0E6Fh \
  -ASFR29=0E80h-0EEFh -ASFR30=0F00h-0F6Fh -ASFR31=0F80h-0FEFh \
  -preset_vec=02A0h,intentry=02A4h,init,end_init -ppowerup=CODE \
  -pcinit=CODE -pfunctab=ENTRY -ACONFIG=08007h-0800Ah -pconfig=CONFIG \
  -DCONFIG=2 -AIDLOC=08000h-08003h -pidloc=IDLOC -DIDLOC=2 \
  -AEEDATA=00h-0FFh/0F000h -peeprom_data=EEDATA -DEEDATA=2 -DCODE=2 \
  -DSTRCODE=2 -DSTRING=2 -DCONST=2 -DENTRY=2 --MS=program,0,800,800 \
  --MS=data,0,1000,80 -k C:\Users\acer\AppData\Local\Temp\s5ot0.obj \
  dist/default/production\Build.production.obj 

Object code version is 3.11

Machine type is 16F18313

MEMORY SPACES

                Name           Low     High     Page
                program          0      7FF      800
                data             0      FFF       80


                Name                               Link     Load   Length Selector   Space         Scale
C:\Users\acer\AppData\Local\Temp\s5ot0.obj
                end_init                            2C5      2C5        1      548      program
                reset_vec                           2A0      2A0        1      540      program
                config                             8007     8007        4    1000E      program
dist/default/production\Build.production.obj
                cinit                               2C6      2C6       1C      548      program
                intentry                            2A4      2A4       21      548      program
                text29                              613      613       27      548      program
                text28                              63A      63A       24      548      program
                text26                              5B4      5B4       31      548      program
                text25                              5E5      5E5       2E      548      program
                text24                              73F      73F       14      548      program
                text23                              6EA      6EA       18      548      program
                text22                              785      785        E      548      program
                text21                              702      702       15      548      program
                text20                              67E      67E       1E      548      program
                text19                              6D2      6D2       18      548      program
                text18                              777      777        E      548      program
                text17                              765      765       12      548      program
                text16                              65E      65E       20      548      program
                text15                              72B      72B       14      548      program
                text14                              7D0      7D0        1      F76      program
                text13                              7CF      7CF        1      F76      program
                text12                              2E2      2E2      186      548      program
                text11                              468      468       71      548      program
                text10                              69C      69C       1D      548      program
                text9                               4D9      4D9       61      548      program
                text8                               717      717       14      548      program
                text7                               53A      53A       44      548      program
                text6                               793      793        C      548      program
                text5                               7CE      7CE        1      F76      program
                text4                               79F      79F        B      548      program
                text3                               57E      57E       36      548      program
                text2                               7CA      7CA        3      F76      program
                text1                               6B9      6B9       19      548      program
                maintext                            7C7      7C7        3      F76      program
                cstackBANK0l                         4D       4D        E       20         data
                cstackBANK0h                         5B       5B        3       20         data
                cstackCOMMON                         70       70        A       70         data
                clrtext                             7C1      7C1        6      F76      program
                inittext                            7BB      7BB        6      F76      program
                dataBANK1                            D6       D6       12       A0         data
                bssBANK1                             A0       A0       36       A0         data
                dataBANK0l                           5E       5E        1       20         data
                bssBANK0l                            20       20       2D       20         data
                bssCOMMON                            7A       7A        1       70         data
                stringtext2                         7B4      7B4        7      F54      program
                stringtext1                         7AA      7AA        A      F54      program
                _sys_ver_text                      F0F2     F0F2        1    1E1E4      program
                idataBANK1                          753      753       12      548      program
                idataBANK0l                         7CD      7CD        1      F76      program

TOTAL           Name                               Link     Load   Length     Space
        CLASS   STACK          

        CLASS   CODE           
                end_init                            2C5      2C5        1    program   
                cinit                               2C6      2C6       1C    program   
                intentry                            2A4      2A4       21    program   
                reset_vec                           2A0      2A0        1    program   
                text29                              613      613       27    program   
                text28                              63A      63A       24    program   
                text26                              5B4      5B4       31    program   
                text25                              5E5      5E5       2E    program   
                text24                              73F      73F       14    program   
                text23                              6EA      6EA       18    program   
                text22                              785      785        E    program   
                text21                              702      702       15    program   
                text20                              67E      67E       1E    program   
                text19                              6D2      6D2       18    program   
                text18                              777      777        E    program   
                text17                              765      765       12    program   
                text16                              65E      65E       20    program   
                text15                              72B      72B       14    program   
                text14                              7D0      7D0        1    program   
                text13                              7CF      7CF        1    program   
                text12                              2E2      2E2      186    program   
                text11                              468      468       71    program   
                text10                              69C      69C       1D    program   
                text9                               4D9      4D9       61    program   
                text8                               717      717       14    program   
                text7                               53A      53A       44    program   
                text6                               793      793        C    program   
                text5                               7CE      7CE        1    program   
                text4                               79F      79F        B    program   
                text3                               57E      57E       36    program   
                text2                               7CA      7CA        3    program   
                text1                               6B9      6B9       19    program   
                maintext                            7C7      7C7        3    program   
                clrtext                             7C1      7C1        6    program   
                inittext                            7BB      7BB        6    program   
                _sys_ver_text                      F0F2     F0F2        1    program   
                idataBANK1                          753      753       12    program   
                idataBANK0l                         7CD      7CD        1    program   

        CLASS   STRCODE        
                stringtext2                         7B4      7B4        7    program   
                stringtext1                         7AA      7AA        A    program   

        CLASS   STRING         

        CLASS   CONST          

        CLASS   ENTRY          

        CLASS   COMMON         
                cstackCOMMON                         70       70        A    data      
                bssCOMMON                            7A       7A        1    data      

        CLASS   BANK0          
                cstackBANK0l                         4D       4D        E    data      
                cstackBANK0h                         5B       5B        3    data      
                dataBANK0l                           5E       5E        1    data      
                bssBANK0l                            20       20       2D    data      

        CLASS   BANK1          
                dataBANK1                            D6       D6       12    data      
                bssBANK1                             A0       A0       36    data      

        CLASS   BANK2          

        CLASS   BIGRAM         

        CLASS   RAM            

        CLASS   ABS1           
                abs_s1                               7E       7E        2    data      

        CLASS   SFR0           

        CLASS   SFR1           

        CLASS   SFR2           

        CLASS   SFR3           

        CLASS   SFR4           

        CLASS   SFR5           

        CLASS   SFR6           

        CLASS   SFR7           

        CLASS   SFR8           

        CLASS   SFR9           

        CLASS   SFR10          

        CLASS   SFR11          

        CLASS   SFR12          

        CLASS   SFR13          

        CLASS   SFR14          

        CLASS   SFR15          

        CLASS   SFR16          

        CLASS   SFR17          

        CLASS   SFR18          

        CLASS   SFR19          

        CLASS   SFR20          

        CLASS   SFR21          

        CLASS   SFR22          

        CLASS   SFR23          

        CLASS   SFR24          

        CLASS   SFR25          

        CLASS   SFR26          

        CLASS   SFR27          

        CLASS   SFR28          

        CLASS   SFR29          

        CLASS   SFR30          

        CLASS   SFR31          

        CLASS   CONFIG         
                config                             8007     8007        4    program   

        CLASS   IDLOC          

        CLASS   EEDATA         

        CLASS   BANK31         

        CLASS   BANK30         

        CLASS   BANK29         

        CLASS   BANK28         

        CLASS   BANK27         

        CLASS   BANK26         

        CLASS   BANK25         

        CLASS   BANK24         

        CLASS   BANK23         

        CLASS   BANK22         

        CLASS   BANK21         

        CLASS   BANK20         

        CLASS   BANK19         

        CLASS   BANK18         

        CLASS   BANK17         

        CLASS   BANK16         

        CLASS   BANK15         

        CLASS   BANK14         

        CLASS   BANK13         

        CLASS   BANK12         

        CLASS   BANK11         

        CLASS   BANK10         

        CLASS   BANK9          

        CLASS   BANK8          

        CLASS   BANK7          

        CLASS   BANK6          

        CLASS   BANK5          

        CLASS   BANK4          

        CLASS   BANK3          



SEGMENTS        Name                           Load    Length   Top    Selector   Space  Class     Delta

                bssBANK0l                      000020  00003F  00005F        20     data        BANK0       1
                cstackCOMMON                   000070  00000B  00007B        70     data        COMMON      1
                bssBANK1                       0000A0  000048  0000E8        A0     data        BANK1       1
                reset_vec                      0002A0  000001  0002A1       540     program     CODE        2
                intentry                       0002A4  000506  0007AA       548     program     CODE        2
                stringtext1                    0007AA  000011  0007BB       F54     program     STRCODE     2
                inittext                       0007BB  000016  0007D1       F76     program     CODE        2
                config                         008007  000004  00800B     1000E     program     CONFIG      2
                _sys_ver_text                  00F0F2  000001  00F0F3     1E1E4     program     CODE        2


UNUSED ADDRESS RANGES

        Name                Unused          Largest block    Delta
        BANK0            0005F-0006F              11           1
        BANK1            000E8-000EF               8           1
        BANK2            00120-0016F              50           1
        BIGRAM           02000-020EF              F0           1
        CODE             002A1-002A3               3           2
                         007D1-007FF              2F
        COMMON           0007B-0007D               3           1
        CONST            002A1-002A3               3           2
                         007D1-007FF              2F
        EEDATA           0F000-0F0FF             100           2
        ENTRY            002A1-002A3               3           2
                         007D1-007FF              2F
        IDLOC            08000-08003               4           2
        RAM              0005F-0006F              11           1
                         000E8-000EF               8
                         00120-0016F              50
        SFR0             00000-0001F              20           1
        SFR1             00080-0009F              20           1
        SFR10            00500-0056F              70           1
        SFR11            00580-005EF              70           1
        SFR12            00600-0066F              70           1
        SFR13            00680-006EF              70           1
        SFR14            00700-0076F              70           1
        SFR15            00780-007EF              70           1
        SFR16            00800-0086F              70           1
        SFR17            00880-008EF              70           1
        SFR18            00900-0096F              70           1
        SFR19            00980-009EF              70           1
        SFR2             00100-0011F              20           1
        SFR20            00A00-00A6F              70           1
        SFR21            00A80-00AEF              70           1
        SFR22            00B00-00B6F              70           1
        SFR23            00B80-00BEF              70           1
        SFR24            00C00-00C6F              70           1
        SFR25            00C80-00CEF              70           1
        SFR26            00D00-00D6F              70           1
        SFR27            00D80-00DEF              70           1
        SFR28            00E00-00E6F              70           1
        SFR29            00E80-00EEF              70           1
        SFR3             00180-001EF              70           1
        SFR30            00F00-00F6F              70           1
        SFR31            00F80-00FEF              70           1
        SFR4             00200-0026F              70           1
        SFR5             00280-002EF              70           1
        SFR6             00300-0036F              70           1
        SFR7             00380-003EF              70           1
        SFR8             00400-0046F              70           1
        SFR9             00480-004EF              70           1
        STACK            02098-020EF              58           1
        STRCODE          002A1-002A3               3           2
                         007D1-007FF              2F
        STRING           002A1-002A3               3           2
                         007D1-007FF              2F

                                  Symbol Table

?_os_get_sys_tim                cstackCOMMON  00074
?_read_mem                      cstackCOMMON  00074
CRC_Chk@MacKey                  cstackCOMMON  00076
CRC_Chk@dbuf                    cstackBANK0h  0005D
CRC_Chk@flg                     cstackCOMMON  00075
CRC_Chk@len                     cstackCOMMON  00074
CRC_Chk@st                      cstackBANK0h  0005B
CRC_Chk@sum                     cstackBANK0h  0005C
Sys_Ini@count                   cstackCOMMON  00078
_ADIF                           (abs)         0008E
_ANSELA                         (abs)         0018C
_Bt_Data                        (abs)         00068
_Bt_ReadData                    (abs)         00206
_Bt_WriteEep                    (abs)         00238
_CPUDOZE                        (abs)         00918
_CRC_Chk                        text25        005E5
_INTCONbits                     (abs)         0000B
_Ini_Dio                        text6         00793
_Ini_Oscillator                 text5         007CE
_Ini_Timer_0                    text4         0079F
_LATA                           (abs)         0010C
_LATAbits                       (abs)         0010C
_Led_st_cnt                     bssBANK0l     0002C
_PIE0bits                       (abs)         00090
_PIR0bits                       (abs)         00010
_PIR1bits                       (abs)         00011
_PORTAbits                      (abs)         0000C
_RC1REG                         (abs)         00199
_RCIE                           (abs)         0048D
_Replay_Attack                  bssBANK0l     00028
_Replay_Attack_Frame            bssBANK0l     00027
_Run_Os                         text7         0053A
_Sys_Ini                        text1         006B9
_T0CON0bits                     (abs)         00017
_T0CON1bits                     (abs)         00018
_TMR0H                          (abs)         00016
_TMR0L                          (abs)         00015
_TMR2IF                         (abs)         00089
_TRISA                          (abs)         0008C
_TX1REG                         (abs)         0019A
_TXIE                           (abs)         0048C
_WPUA                           (abs)         0020C
__CFG_BOREN$SBOREN              (abs)         00000
__CFG_BORV$LOW                  (abs)         00000
__CFG_CLKOUTEN$OFF              (abs)         00000
__CFG_CP$OFF                    (abs)         00000
__CFG_CPD$OFF                   (abs)         00000
__CFG_CSWEN$ON                  (abs)         00000
__CFG_DEBUG$OFF                 (abs)         00000
__CFG_FCMEN$ON                  (abs)         00000
__CFG_FEXTOSC$OFF               (abs)         00000
__CFG_LPBOREN$OFF               (abs)         00000
__CFG_LVP$OFF                   (abs)         00000
__CFG_MCLRE$OFF                 (abs)         00000
__CFG_PPS1WAY$ON                (abs)         00000
__CFG_PWRTE$OFF                 (abs)         00000
__CFG_STVREN$ON                 (abs)         00000
__CFG_WDTE$OFF                  (abs)         00000
__CFG_WRT$OFF                   (abs)         00000
__H_sys_ver_text                _sys_ver_text 0F0F3
__Habs1                         abs1          00000
__Hbank0                        bank0         00000
__Hbank1                        bank1         00000
__Hbank10                       bank10        00000
__Hbank11                       bank11        00000
__Hbank12                       bank12        00000
__Hbank13                       bank13        00000
__Hbank14                       bank14        00000
__Hbank15                       bank15        00000
__Hbank16                       bank16        00000
__Hbank17                       bank17        00000
__Hbank18                       bank18        00000
__Hbank19                       bank19        00000
__Hbank2                        bank2         00000
__Hbank20                       bank20        00000
__Hbank21                       bank21        00000
__Hbank22                       bank22        00000
__Hbank23                       bank23        00000
__Hbank24                       bank24        00000
__Hbank25                       bank25        00000
__Hbank26                       bank26        00000
__Hbank27                       bank27        00000
__Hbank28                       bank28        00000
__Hbank29                       bank29        00000
__Hbank3                        bank3         00000
__Hbank30                       bank30        00000
__Hbank31                       bank31        00000
__Hbank4                        bank4         00000
__Hbank5                        bank5         00000
__Hbank6                        bank6         00000
__Hbank7                        bank7         00000
__Hbank8                        bank8         00000
__Hbank9                        bank9         00000
__Hbigram                       bigram        00000
__HbssBANK0l                    bssBANK0l     00000
__HbssBANK1                     bssBANK1      00000
__HbssCOMMON                    bssCOMMON     00000
__Hcinit                        cinit         002E2
__Hclrtext                      clrtext       00000
__Hcode                         code          00000
__Hcommon                       common        00000
__Hconfig                       config        0800B
__HcstackBANK0h                 cstackBANK0h  00000
__HcstackBANK0l                 cstackBANK0l  00000
__HcstackCOMMON                 cstackCOMMON  00000
__HdataBANK0l                   dataBANK0l    00000
__HdataBANK1                    dataBANK1     00000
__Heeprom_data                  eeprom_data   00000
__Hend_init                     end_init      002C6
__Hfunctab                      functab       00000
__HidataBANK0l                  idataBANK0l   00000
__HidataBANK1                   idataBANK1    00000
__Hidloc                        idloc         00000
__Hinit                         init          002C5
__Hinittext                     inittext      00000
__Hintentry                     intentry      002C5
__Hmaintext                     maintext      00000
__Hpowerup                      powerup       00000
__Hram                          ram           00000
__Hreset_vec                    reset_vec     002A1
__Hsfr0                         sfr0          00000
__Hsfr1                         sfr1          00000
__Hsfr10                        sfr10         00000
__Hsfr11                        sfr11         00000
__Hsfr12                        sfr12         00000
__Hsfr13                        sfr13         00000
__Hsfr14                        sfr14         00000
__Hsfr15                        sfr15         00000
__Hsfr16                        sfr16         00000
__Hsfr17                        sfr17         00000
__Hsfr18                        sfr18         00000
__Hsfr19                        sfr19         00000
__Hsfr2                         sfr2          00000
__Hsfr20                        sfr20         00000
__Hsfr21                        sfr21         00000
__Hsfr22                        sfr22         00000
__Hsfr23                        sfr23         00000
__Hsfr24                        sfr24         00000
__Hsfr25                        sfr25         00000
__Hsfr26                        sfr26         00000
__Hsfr27                        sfr27         00000
__Hsfr28                        sfr28         00000
__Hsfr29                        sfr29         00000
__Hsfr3                         sfr3          00000
__Hsfr30                        sfr30         00000
__Hsfr31                        sfr31         00000
__Hsfr4                         sfr4          00000
__Hsfr5                         sfr5          00000
__Hsfr6                         sfr6          00000
__Hsfr7                         sfr7          00000
__Hsfr8                         sfr8          00000
__Hsfr9                         sfr9          00000
__Hspace_0                      (abs)         0F0F3
__Hspace_1                      (abs)         000E8
__Hspace_2                      (abs)         00000
__Hspace_3                      (abs)         00000
__Hstack                        stack         00000
__Hstrings                      strings       00000
__Hstringtext1                  stringtext1   00000
__Hstringtext2                  stringtext2   00000
__Hstringtext3                  stringtext3   00000
__Htext                         text          00000
__L_sys_ver_text                _sys_ver_text 0F0F2
__Labs1                         abs1          00000
__Lbank0                        bank0         00000
__Lbank1                        bank1         00000
__Lbank10                       bank10        00000
__Lbank11                       bank11        00000
__Lbank12                       bank12        00000
__Lbank13                       bank13        00000
__Lbank14                       bank14        00000
__Lbank15                       bank15        00000
__Lbank16                       bank16        00000
__Lbank17                       bank17        00000
__Lbank18                       bank18        00000
__Lbank19                       bank19        00000
__Lbank2                        bank2         00000
__Lbank20                       bank20        00000
__Lbank21                       bank21        00000
__Lbank22                       bank22        00000
__Lbank23                       bank23        00000
__Lbank24                       bank24        00000
__Lbank25                       bank25        00000
__Lbank26                       bank26        00000
__Lbank27                       bank27        00000
__Lbank28                       bank28        00000
__Lbank29                       bank29        00000
__Lbank3                        bank3         00000
__Lbank30                       bank30        00000
__Lbank31                       bank31        00000
__Lbank4                        bank4         00000
__Lbank5                        bank5         00000
__Lbank6                        bank6         00000
__Lbank7                        bank7         00000
__Lbank8                        bank8         00000
__Lbank9                        bank9         00000
__Lbigram                       bigram        00000
__LbssBANK0l                    bssBANK0l     00000
__LbssBANK1                     bssBANK1      00000
__LbssCOMMON                    bssCOMMON     00000
__Lcinit                        cinit         002C6
__Lclrtext                      clrtext       00000
__Lcode                         code          00000
__Lcommon                       common        00000
__Lconfig                       config        08007
__LcstackBANK0h                 cstackBANK0h  00000
__LcstackBANK0l                 cstackBANK0l  00000
__LcstackCOMMON                 cstackCOMMON  00000
__LdataBANK0l                   dataBANK0l    00000
__LdataBANK1                    dataBANK1     00000
__Leeprom_data                  eeprom_data   00000
__Lend_init                     end_init      002C5
__Lfunctab                      functab       00000
__LidataBANK0l                  idataBANK0l   00000
__LidataBANK1                   idataBANK1    00000
__Lidloc                        idloc         00000
__Linit                         init          002C5
__Linittext                     inittext      00000
__Lintentry                     intentry      002A4
__Lmaintext                     maintext      00000
__Lpowerup                      powerup       00000
__Lram                          ram           00000
__Lreset_vec                    reset_vec     002A0
__Lsfr0                         sfr0          00000
__Lsfr1                         sfr1          00000
__Lsfr10                        sfr10         00000
__Lsfr11                        sfr11         00000
__Lsfr12                        sfr12         00000
__Lsfr13                        sfr13         00000
__Lsfr14                        sfr14         00000
__Lsfr15                        sfr15         00000
__Lsfr16                        sfr16         00000
__Lsfr17                        sfr17         00000
__Lsfr18                        sfr18         00000
__Lsfr19                        sfr19         00000
__Lsfr2                         sfr2          00000
__Lsfr20                        sfr20         00000
__Lsfr21                        sfr21         00000
__Lsfr22                        sfr22         00000
__Lsfr23                        sfr23         00000
__Lsfr24                        sfr24         00000
__Lsfr25                        sfr25         00000
__Lsfr26                        sfr26         00000
__Lsfr27                        sfr27         00000
__Lsfr28                        sfr28         00000
__Lsfr29                        sfr29         00000
__Lsfr3                         sfr3          00000
__Lsfr30                        sfr30         00000
__Lsfr31                        sfr31         00000
__Lsfr4                         sfr4          00000
__Lsfr5                         sfr5          00000
__Lsfr6                         sfr6          00000
__Lsfr7                         sfr7          00000
__Lsfr8                         sfr8          00000
__Lsfr9                         sfr9          00000
__Lspace_0                      (abs)         00000
__Lspace_1                      (abs)         00000
__Lspace_2                      (abs)         00000
__Lspace_3                      (abs)         00000
__Lstack                        stack         00000
__Lstrings                      strings       00000
__Lstringtext1                  stringtext1   00000
__Lstringtext2                  stringtext2   00000
__Lstringtext3                  stringtext3   00000
__Ltext                         text          00000
__S0                            (abs)         0800B
__S1                            (abs)         000E8
__S2                            (abs)         00000
__S3                            (abs)         00000
___int_sp                       stack         00000
___latbits                      (abs)         00000
___sp                           stack         00000
__end_of_CRC_Chk                text25        00613
__end_of_Ini_Dio                text6         0079F
__end_of_Ini_Oscillator         text5         007CF
__end_of_Ini_Timer_0            text4         007AA
__end_of_Run_Os                 text7         0057E
__end_of_Sys_Ini                text1         006D2
__end_of__initialization        cinit         002DF
__end_of_app_ini                text3         005B4
__end_of_app_test_1000ms        text11        004D9
__end_of_app_test_100ms         text12        00468
__end_of_app_test_10ms          text13        007D0
__end_of_app_test_1ms           text14        007D1
__end_of_app_test_BG            text9         0053A
__end_of_byte_received          text29        0063A
__end_of_byte_transmit          text28        0065E
__end_of_com_get_rx_buf_lnt     text24        00753
__end_of_com_get_tx_buf_lnt     text8         0072B
__end_of_com_ini                text2         007CD
__end_of_com_rx_read_char       text23        00702
__end_of_com_send_dat           text26        005E5
__end_of_eep_write_char         text22        00793
__end_of_enc_dec                text21        00717
__end_of_event_push             text20        0069C
__end_of_event_read             text10        006B9
__end_of_get_temp_key           text18        00785
__end_of_isr                    intentry      002C5
__end_of_led0_task              text17        00777
__end_of_main                   maintext      007CA
__end_of_mem_compare            text16        0067E
__end_of_os_get_sys_tim         text19        006EA
__end_of_read_mem               text15        0073F
__end_of_sys_ver                _sys_ver_text 0F0F3
__initialization                cinit         002C6
__p_sys_ver_text                _sys_ver_text 0F0F2
__pbssBANK0l                    bssBANK0l     00020
__pbssBANK1                     bssBANK1      000A0
__pbssCOMMON                    bssCOMMON     0007A
__pcstackBANK0h                 cstackBANK0h  0005B
__pcstackBANK0l                 cstackBANK0l  0004D
__pcstackCOMMON                 cstackCOMMON  00070
__pdataBANK0l                   dataBANK0l    0005E
__pdataBANK1                    dataBANK1     000D6
__pidataBANK0l                  idataBANK0l   007CD
__pidataBANK1                   idataBANK1    00753
__pintentry                     intentry      002A4
__pmaintext                     maintext      007C7
__pstringtext1                  stringtext1   007AA
__pstringtext2                  stringtext2   007B4
__pstringtext3                  stringtext3   00000
__ptext1                        text1         006B9
__ptext10                       text10        0069C
__ptext11                       text11        00468
__ptext12                       text12        002E2
__ptext13                       text13        007CF
__ptext14                       text14        007D0
__ptext15                       text15        0072B
__ptext16                       text16        0065E
__ptext17                       text17        00765
__ptext18                       text18        00777
__ptext19                       text19        006D2
__ptext2                        text2         007CA
__ptext20                       text20        0067E
__ptext21                       text21        00702
__ptext22                       text22        00785
__ptext23                       text23        006EA
__ptext24                       text24        0073F
__ptext25                       text25        005E5
__ptext26                       text26        005B4
__ptext28                       text28        0063A
__ptext29                       text29        00613
__ptext3                        text3         0057E
__ptext4                        text4         0079F
__ptext5                        text5         007CE
__ptext6                        text6         00793
__ptext7                        text7         0053A
__ptext8                        text8         00717
__ptext9                        text9         004D9
__size_of_CRC_Chk               (abs)         00000
__size_of_Ini_Dio               (abs)         00000
__size_of_Ini_Oscillator        (abs)         00000
__size_of_Ini_Timer_0           (abs)         00000
__size_of_Run_Os                (abs)         00000
__size_of_Sys_Ini               (abs)         00000
__size_of_app_ini               (abs)         00000
__size_of_app_test_1000ms       (abs)         00000
__size_of_app_test_100ms        (abs)         00000
__size_of_app_test_10ms         (abs)         00000
__size_of_app_test_1ms          (abs)         00000
__size_of_app_test_BG           (abs)         00000
__size_of_byte_received         (abs)         00000
__size_of_byte_transmit         (abs)         00000
__size_of_com_get_rx_buf_lnt    (abs)         00000
__size_of_com_get_tx_buf_lnt    (abs)         00000
__size_of_com_ini               (abs)         00000
__size_of_com_rx_read_char      (abs)         00000
__size_of_com_send_dat          (abs)         00000
__size_of_eep_write_char        (abs)         00000
__size_of_enc_dec               (abs)         00000
__size_of_event_push            (abs)         00000
__size_of_event_read            (abs)         00000
__size_of_get_temp_key          (abs)         00000
__size_of_isr                   (abs)         00000
__size_of_led0_task             (abs)         00000
__size_of_main                  (abs)         00000
__size_of_mem_compare           (abs)         00000
__size_of_os_get_sys_tim        (abs)         00000
__size_of_read_mem              (abs)         00000
_app_ini                        text3         0057E
_app_test_1000ms                text11        00468
_app_test_1000ms$173            cstackBANK0l  0004D
_app_test_1000ms$174            cstackBANK0l  0004F
_app_test_100ms                 text12        002E2
_app_test_10ms                  text13        007CF
_app_test_1ms                   text14        007D0
_app_test_BG                    text9         004D9
_app_test_BG$178                cstackBANK0h  0005B
_byte_received                  text29        00613
_byte_transmit                  text28        0063A
_cmd_res_data                   bssBANK0l     0003D
_com                            bssBANK1      000A0
_com_get_rx_buf_lnt             text24        0073F
_com_get_tx_buf_lnt             text8         00717
_com_ini                        text2         007CA
_com_rx_read_char               text23        006EA
_com_send_dat                   text26        005B4
_eep_write_char                 text22        00785
_enc_dec                        text21        00702
_event_push                     text20        0067E
_event_read                     text10        0069C
_get_temp_key                   text18        00777
_isr                            intentry      002A4
_j_1                            bssCOMMON     0007A
_led0_task                      text17        00765
_lock_id                        bssBANK0l     0002D
_main                           maintext      007C7
_mem_compare                    text16        0065E
_os                             dataBANK1     000D6
_os_get_sys_tim                 text19        006D2
_read_mem                       text15        0072B
_str_event                      bssBANK0l     00020
_sw0_st_prev                    bssBANK0l     00029
_sys_ver                        _sys_ver_text 0F0F2
_sys_ver_absaddr                (abs)         0F0F2
_temp_key                       dataBANK0l    0005E
_tmr_1ses                       bssBANK0l     0002B
_tmr_temp_key                   bssBANK0l     0002A
app_ini@dest_add                cstackBANK0l  0004D
app_ini@temp_add                cstackBANK0l  0004F
app_test_1000ms@temp_time       cstackBANK0l  00051
app_test_100ms@MacKeyTemp       cstackBANK0l  00056
app_test_100ms@cmd_idx_offset   cstackBANK0l  00055
app_test_100ms@dat_idx_offset   cstackBANK0l  00053
app_test_100ms@i                cstackBANK0l  00058
app_test_100ms@resp_len         cstackBANK0l  00057
app_test_100ms@sw0_st           cstackBANK0l  00059
app_test_100ms@temp_add_or_rand cstackBANK0l  00054
app_test_BG@temp_time           cstackBANK0h  0005D
btemp                           (abs)         0007E
byte_received@temp_data         cstackCOMMON  00071
clear_ram0                      clrtext       007C1
com_get_rx_buf_lnt@temp_dif     cstackCOMMON  00075
com_get_tx_buf_lnt@temp_dif     cstackCOMMON  00075
com_rx_read_char@temp_val       cstackCOMMON  00075
com_send_dat@len                cstackCOMMON  00076
com_send_dat@ptr                cstackCOMMON  00074
eep_write_char@add              cstackCOMMON  00076
eep_write_char@data             cstackCOMMON  00074
enc_dec@data                    cstackCOMMON  00078
enc_dec@len                     cstackCOMMON  00074
enc_dec@temp_key_0              cstackCOMMON  00075
end_of_initialization           cinit         002DF
event_push@Event_ID             cstackCOMMON  00075
event_read@temp_event_id        cstackCOMMON  00075
get_temp_key@temp_key           cstackCOMMON  00079
init_ram                        inittext      007BB
int$flags                       (abs)         0007E
intlevel0                       functab       00000
intlevel1                       functab       00000
intlevel2                       functab       00000
intlevel3                       functab       00000
intlevel4                       functab       00000
intlevel5                       functab       00000
mem_compare@dest                cstackCOMMON  00078
mem_compare@len                 cstackCOMMON  00075
mem_compare@sour                cstackCOMMON  00074
mem_compare@status              cstackCOMMON  00077
os_get_sys_tim@temp_tim         cstackBANK0l  0004D
read_mem@mem_addr               cstackCOMMON  00074
read_mem@typ                    cstackCOMMON  00076
reset_vec                       reset_vec     002A0
stackhi                         (abs)         020EF
stacklo                         (abs)         02098
start                           init          002C5
start_initialization            cinit         002C6
wtemp0                          (abs)         0007E


FUNCTION INFORMATION:

 *************** function _main *****************
 Defined at:
		line 12 in file "../Src/os.c"
 Parameters:    Size  Location     Type
		None
 Auto vars:     Size  Location     Type
		None
 Return value:  Size  Location     Type
                  1    wreg      void 
 Registers used:
		wreg, fsr0l, fsr0h, fsr1l, fsr1h, fsr1l, fsr1h, status,2, status,0, pclath, cstack
 Tracked objects:
		On entry : 
		On exit  : 
		Unchanged: 
 Data sizes:     COMMON  BANK0h  BANK0l   BANK1   BANK2
      Params:         0       0       0       0       0
      Locals:         0       0       0       0       0
      Temps:          0       0       0       0       0
      Totals:         0       0       0       0       0
Total ram usage:        0 bytes
 Hardware stack levels required when called:    6
 This function calls:
		_Run_Os
		_Sys_Ini
 This function is called by:
		Startup code after reset
 This function uses a non-reentrant model


 *************** function _Sys_Ini *****************
 Defined at:
		line 63 in file "../Src/system.c"
 Parameters:    Size  Location     Type
		None
 Auto vars:     Size  Location     Type
  count           2    8[COMMON] unsigned int 
 Return value:  Size  Location     Type
                  1    wreg      void 
 Registers used:
		wreg, fsr0l, fsr0h, fsr1l, fsr1h, fsr1l, fsr1h, status,2, status,0, pclath, cstack
 Tracked objects:
		On entry : 
		On exit  : 
		Unchanged: 
 Data sizes:     COMMON  BANK0h  BANK0l   BANK1   BANK2
      Params:         0       0       0       0       0
      Locals:         2       0       0       0       0
      Temps:          0       0       0       0       0
      Totals:         2       0       0       0       0
Total ram usage:        2 bytes
 Hardware stack levels used:    1
 Hardware stack levels required when called:    5
 This function calls:
		_Ini_Dio
		_Ini_Oscillator
		_Ini_Timer_0
		_app_ini
		_com_ini
 This function is called by:
		_main
 This function uses a non-reentrant model


 *************** function _com_ini *****************
 Defined at:
		line 146 in file "../Src/uart.c"
 Parameters:    Size  Location     Type
		None
 Auto vars:     Size  Location     Type
		None
 Return value:  Size  Location     Type
                  1    wreg      void 
 Registers used:
		None
 Tracked objects:
		On entry : 
		On exit  : 
		Unchanged: 
 Data sizes:     COMMON  BANK0h  BANK0l   BANK1   BANK2
      Params:         0       0       0       0       0
      Locals:         0       0       0       0       0
      Temps:          0       0       0       0       0
      Totals:         0       0       0       0       0
Total ram usage:        0 bytes
 Hardware stack levels used:    1
 Hardware stack levels required when called:    2
 This function calls:
		Nothing
 This function is called by:
		_Sys_Ini
 This function uses a non-reentrant model


 *************** function _app_ini *****************
 Defined at:
		line 16 in file "../Src/app.c"
 Parameters:    Size  Location     Type
		None
 Auto vars:     Size  Location     Type
  temp_add        2    2[BANK0l] unsigned int 
  dest_add        2    0[BANK0l] unsigned int 
 Return value:  Size  Location     Type
                  1    wreg      void 
 Registers used:
		wreg, fsr0l, fsr0h, fsr1l, fsr1h, fsr1l, fsr1h, status,2, status,0, pclath, cstack
 Tracked objects:
		On entry : 
		On exit  : 
		Unchanged: 
 Data sizes:     COMMON  BANK0h  BANK0l   BANK1   BANK2
      Params:         0       0       0       0       0
      Locals:         0       0       4       0       0
      Temps:          1       0       0       0       0
      Totals:         1       0       4       0       0
Total ram usage:        5 bytes
 Hardware stack levels used:    1
 Hardware stack levels required when called:    4
 This function calls:
		_read_mem
 This function is called by:
		_Sys_Ini
 This function uses a non-reentrant model


 *************** function _Ini_Timer_0 *****************
 Defined at:
		line 127 in file "../Src/system.c"
 Parameters:    Size  Location     Type
		None
 Auto vars:     Size  Location     Type
		None
 Return value:  Size  Location     Type
                  1    wreg      void 
 Registers used:
		wreg, status,2
 Tracked objects:
		On entry : 
		On exit  : 
		Unchanged: 
 Data sizes:     COMMON  BANK0h  BANK0l   BANK1   BANK2
      Params:         0       0       0       0       0
      Locals:         0       0       0       0       0
      Temps:          0       0       0       0       0
      Totals:         0       0       0       0       0
Total ram usage:        0 bytes
 Hardware stack levels used:    1
 Hardware stack levels required when called:    2
 This function calls:
		Nothing
 This function is called by:
		_Sys_Ini
 This function uses a non-reentrant model


 *************** function _Ini_Oscillator *****************
 Defined at:
		line 86 in file "../Src/system.c"
 Parameters:    Size  Location     Type
		None
 Auto vars:     Size  Location     Type
		None
 Return value:  Size  Location     Type
                  1    wreg      void 
 Registers used:
		None
 Tracked objects:
		On entry : 
		On exit  : 
		Unchanged: 
 Data sizes:     COMMON  BANK0h  BANK0l   BANK1   BANK2
      Params:         0       0       0       0       0
      Locals:         0       0       0       0       0
      Temps:          0       0       0       0       0
      Totals:         0       0       0       0       0
Total ram usage:        0 bytes
 Hardware stack levels used:    1
 Hardware stack levels required when called:    2
 This function calls:
		Nothing
 This function is called by:
		_Sys_Ini
 This function uses a non-reentrant model


 *************** function _Ini_Dio *****************
 Defined at:
		line 95 in file "../Src/system.c"
 Parameters:    Size  Location     Type
		None
 Auto vars:     Size  Location     Type
		None
 Return value:  Size  Location     Type
                  1    wreg      void 
 Registers used:
		wreg, status,2
 Tracked objects:
		On entry : 
		On exit  : 
		Unchanged: 
 Data sizes:     COMMON  BANK0h  BANK0l   BANK1   BANK2
      Params:         0       0       0       0       0
      Locals:         0       0       0       0       0
      Temps:          0       0       0       0       0
      Totals:         0       0       0       0       0
Total ram usage:        0 bytes
 Hardware stack levels used:    1
 Hardware stack levels required when called:    2
 This function calls:
		Nothing
 This function is called by:
		_Sys_Ini
 This function uses a non-reentrant model


 *************** function _Run_Os *****************
 Defined at:
		line 24 in file "../Src/os.c"
 Parameters:    Size  Location     Type
		None
 Auto vars:     Size  Location     Type
		None
 Return value:  Size  Location     Type
                  1    wreg      void 
 Registers used:
		wreg, fsr0l, fsr0h, fsr1l, fsr1h, fsr1l, fsr1h, status,2, status,0, pclath, cstack
 Tracked objects:
		On entry : 
		On exit  : 
		Unchanged: 
 Data sizes:     COMMON  BANK0h  BANK0l   BANK1   BANK2
      Params:         0       0       0       0       0
      Locals:         0       0       0       0       0
      Temps:          0       0       1       0       0
      Totals:         0       0       1       0       0
Total ram usage:        1 bytes
 Hardware stack levels used:    1
 Hardware stack levels required when called:    5
 This function calls:
		_app_test_1000ms
		_app_test_100ms
		_app_test_10ms
		_app_test_1ms
		_app_test_BG
		_com_get_tx_buf_lnt
 This function is called by:
		_main
 This function uses a non-reentrant model


 *************** function _com_get_tx_buf_lnt *****************
 Defined at:
		line 43 in file "../Src/uart.c"
 Parameters:    Size  Location     Type
		None
 Auto vars:     Size  Location     Type
  temp_dif        1    5[COMMON] unsigned char 
 Return value:  Size  Location     Type
                  1    wreg      unsigned char 
 Registers used:
		wreg, status,2, status,0
 Tracked objects:
		On entry : 
		On exit  : 
		Unchanged: 
 Data sizes:     COMMON  BANK0h  BANK0l   BANK1   BANK2
      Params:         0       0       0       0       0
      Locals:         1       0       0       0       0
      Temps:          1       0       0       0       0
      Totals:         2       0       0       0       0
Total ram usage:        2 bytes
 Hardware stack levels used:    1
 Hardware stack levels required when called:    2
 This function calls:
		Nothing
 This function is called by:
		_Run_Os
 This function uses a non-reentrant model


 *************** function _app_test_BG *****************
 Defined at:
		line 320 in file "../Src/app.c"
 Parameters:    Size  Location     Type
		None
 Auto vars:     Size  Location     Type
  temp_time       1    2[BANK0h] unsigned char 
 Return value:  Size  Location     Type
                  1    wreg      void 
 Registers used:
		wreg, fsr0l, fsr0h, fsr1l, fsr1h, fsr1l, fsr1h, status,2, status,0, pclath, cstack
 Tracked objects:
		On entry : 
		On exit  : 
		Unchanged: 
 Data sizes:     COMMON  BANK0h  BANK0l   BANK1   BANK2
      Params:         0       0       0       0       0
      Locals:         0       3       0       0       0
      Temps:          2       0       0       0       0
      Totals:         2       3       0       0       0
Total ram usage:        5 bytes
 Hardware stack levels used:    1
 Hardware stack levels required when called:    4
 This function calls:
		_com_send_dat
		_eep_write_char
		_event_push
		_event_read
 This function is called by:
		_Run_Os
 This function uses a non-reentrant model


 *************** function _event_read *****************
 Defined at:
		line 126 in file "../Src/os.c"
 Parameters:    Size  Location     Type
		None
 Auto vars:     Size  Location     Type
  temp_event_i    1    5[COMMON] unsigned char 
 Return value:  Size  Location     Type
                  1    wreg      unsigned char 
 Registers used:
		wreg, fsr1l, fsr1h, status,2, status,0
 Tracked objects:
		On entry : 
		On exit  : 
		Unchanged: 
 Data sizes:     COMMON  BANK0h  BANK0l   BANK1   BANK2
      Params:         0       0       0       0       0
      Locals:         1       0       0       0       0
      Temps:          1       0       0       0       0
      Totals:         2       0       0       0       0
Total ram usage:        2 bytes
 Hardware stack levels used:    1
 Hardware stack levels required when called:    2
 This function calls:
		Nothing
 This function is called by:
		_app_test_BG
 This function uses a non-reentrant model


 *************** function _app_test_1000ms *****************
 Defined at:
		line 284 in file "../Src/app.c"
 Parameters:    Size  Location     Type
		None
 Auto vars:     Size  Location     Type
  temp_time       1    4[BANK0l] unsigned char 
 Return value:  Size  Location     Type
                  1    wreg      void 
 Registers used:
		wreg, fsr0l, fsr0h, fsr1l, fsr1h, status,2, status,0, pclath, cstack
 Tracked objects:
		On entry : 
		On exit  : 
		Unchanged: 
 Data sizes:     COMMON  BANK0h  BANK0l   BANK1   BANK2
      Params:         0       0       0       0       0
      Locals:         0       0       5       0       0
      Temps:          2       0       0       0       0
      Totals:         2       0       5       0       0
Total ram usage:        7 bytes
 Hardware stack levels used:    1
 Hardware stack levels required when called:    3
 This function calls:
		_com_send_dat
 This function is called by:
		_Run_Os
 This function uses a non-reentrant model


 *************** function _app_test_100ms *****************
 Defined at:
		line 53 in file "../Src/app.c"
 Parameters:    Size  Location     Type
		None
 Auto vars:     Size  Location     Type
  cmd_idx_offs    1    8[BANK0l] unsigned char 
  temp_add_or_    1    7[BANK0l] unsigned char 
  dat_idx_offs    1    6[BANK0l] unsigned char 
  i               1   11[BANK0l] unsigned char 
  resp_len        1   10[BANK0l] unsigned char 
  sw0_st          1   12[BANK0l] volatile unsigned char 
  MacKeyTemp      1    9[BANK0l] unsigned char 
 Return value:  Size  Location     Type
                  1    wreg      void 
 Registers used:
		wreg, fsr0l, fsr0h, fsr1l, fsr1h, fsr1l, fsr1h, status,2, status,0, pclath, cstack
 Tracked objects:
		On entry : 
		On exit  : 
		Unchanged: 
 Data sizes:     COMMON  BANK0h  BANK0l   BANK1   BANK2
      Params:         0       0       0       0       0
      Locals:         0       0       7       0       0
      Temps:          0       0       2       0       0
      Totals:         0       0       9       0       0
Total ram usage:        9 bytes
 Hardware stack levels used:    1
 Hardware stack levels required when called:    4
 This function calls:
		_CRC_Chk
		_com_get_rx_buf_lnt
		_com_rx_read_char
		_com_send_dat
		_eep_write_char
		_enc_dec
		_event_push
		_get_temp_key
		_led0_task
		_mem_compare
		_read_mem
 This function is called by:
		_Run_Os
 This function uses a non-reentrant model


 *************** function _app_test_10ms *****************
 Defined at:
		line 48 in file "../Src/app.c"
 Parameters:    Size  Location     Type
		None
 Auto vars:     Size  Location     Type
		None
 Return value:  Size  Location     Type
                  1    wreg      void 
 Registers used:
		None
 Tracked objects:
		On entry : 
		On exit  : 
		Unchanged: 
 Data sizes:     COMMON  BANK0h  BANK0l   BANK1   BANK2
      Params:         0       0       0       0       0
      Locals:         0       0       0       0       0
      Temps:          0       0       0       0       0
      Totals:         0       0       0       0       0
Total ram usage:        0 bytes
 Hardware stack levels used:    1
 Hardware stack levels required when called:    2
 This function calls:
		Nothing
 This function is called by:
		_Run_Os
 This function uses a non-reentrant model


 *************** function _app_test_1ms *****************
 Defined at:
		line 44 in file "../Src/app.c"
 Parameters:    Size  Location     Type
		None
 Auto vars:     Size  Location     Type
		None
 Return value:  Size  Location     Type
                  1    wreg      void 
 Registers used:
		None
 Tracked objects:
		On entry : 
		On exit  : 
		Unchanged: 
 Data sizes:     COMMON  BANK0h  BANK0l   BANK1   BANK2
      Params:         0       0       0       0       0
      Locals:         0       0       0       0       0
      Temps:          0       0       0       0       0
      Totals:         0       0       0       0       0
Total ram usage:        0 bytes
 Hardware stack levels used:    1
 Hardware stack levels required when called:    2
 This function calls:
		Nothing
 This function is called by:
		_Run_Os
 This function uses a non-reentrant model


 *************** function _read_mem *****************
 Defined at:
		line 326 in file "../Src/system.c"
 Parameters:    Size  Location     Type
  mem_addr        2    4[COMMON] unsigned int 
  typ             1    6[COMMON] unsigned char 
 Auto vars:     Size  Location     Type
		None
 Return value:  Size  Location     Type
                  2    4[COMMON] unsigned int 
 Registers used:
		wreg, fsr0l, fsr0h, fsr1l, fsr1h, fsr1l, fsr1h, status,2, status,0, pclath, cstack
 Tracked objects:
		On entry : 
		On exit  : 
		Unchanged: 
 Data sizes:     COMMON  BANK0h  BANK0l   BANK1   BANK2
      Params:         3       0       0       0       0
      Locals:         0       0       0       0       0
      Temps:          0       0       0       0       0
      Totals:         3       0       0       0       0
Total ram usage:        3 bytes
 Hardware stack levels used:    1
 Hardware stack levels required when called:    3
 This function calls:
		Nothing
 This function is called by:
		_app_ini
		_app_test_100ms
 This function uses a non-reentrant model


 *************** function _mem_compare *****************
 Defined at:
		line 361 in file "../Src/app.c"
 Parameters:    Size  Location     Type
  dest            1    wreg     PTR unsigned char 
		 -> cmd_res_data(16), 
  sour            1    4[COMMON] PTR unsigned char 
		 -> lock_id(16), 
  len             1    5[COMMON] unsigned char 
 Auto vars:     Size  Location     Type
  dest            1    8[COMMON] PTR unsigned char 
		 -> cmd_res_data(16), 
  status          1    7[COMMON] unsigned char 
 Return value:  Size  Location     Type
                  1    wreg      unsigned char 
 Registers used:
		wreg, fsr0l, fsr0h, fsr1l, fsr1h, status,2, status,0
 Tracked objects:
		On entry : 
		On exit  : 
		Unchanged: 
 Data sizes:     COMMON  BANK0h  BANK0l   BANK1   BANK2
      Params:         2       0       0       0       0
      Locals:         2       0       0       0       0
      Temps:          1       0       0       0       0
      Totals:         5       0       0       0       0
Total ram usage:        5 bytes
 Hardware stack levels used:    1
 Hardware stack levels required when called:    2
 This function calls:
		Nothing
 This function is called by:
		_app_test_100ms
 This function uses a non-reentrant model


 *************** function _led0_task *****************
 Defined at:
		line 342 in file "../Src/system.c"
 Parameters:    Size  Location     Type
		None
 Auto vars:     Size  Location     Type
		None
 Return value:  Size  Location     Type
                  1    wreg      void 
 Registers used:
		wreg, status,2, status,0
 Tracked objects:
		On entry : 
		On exit  : 
		Unchanged: 
 Data sizes:     COMMON  BANK0h  BANK0l   BANK1   BANK2
      Params:         0       0       0       0       0
      Locals:         0       0       0       0       0
      Temps:          1       0       0       0       0
      Totals:         1       0       0       0       0
Total ram usage:        1 bytes
 Hardware stack levels used:    1
 Hardware stack levels required when called:    2
 This function calls:
		Nothing
 This function is called by:
		_app_test_100ms
 This function uses a non-reentrant model


 *************** function _get_temp_key *****************
 Defined at:
		line 139 in file "../Src/os.c"
 Parameters:    Size  Location     Type
		None
 Auto vars:     Size  Location     Type
  temp_key        1    9[COMMON] unsigned char 
 Return value:  Size  Location     Type
                  1    wreg      unsigned char 
 Registers used:
		wreg, fsr1l, fsr1h, status,2, status,0, pclath, cstack
 Tracked objects:
		On entry : 
		On exit  : 
		Unchanged: 
 Data sizes:     COMMON  BANK0h  BANK0l   BANK1   BANK2
      Params:         0       0       0       0       0
      Locals:         1       0       0       0       0
      Temps:          1       0       0       0       0
      Totals:         2       0       0       0       0
Total ram usage:        2 bytes
 Hardware stack levels used:    1
 Hardware stack levels required when called:    3
 This function calls:
		_os_get_sys_tim
 This function is called by:
		_app_test_100ms
 This function uses a non-reentrant model


 *************** function _os_get_sys_tim *****************
 Defined at:
		line 53 in file "../Src/os.c"
 Parameters:    Size  Location     Type
		None
 Auto vars:     Size  Location     Type
  temp_tim        4    0[BANK0l] unsigned long 
 Return value:  Size  Location     Type
                  4    4[COMMON] unsigned long 
 Registers used:
		wreg, fsr1l, fsr1h, status,2, status,0
 Tracked objects:
		On entry : 
		On exit  : 
		Unchanged: 
 Data sizes:     COMMON  BANK0h  BANK0l   BANK1   BANK2
      Params:         4       0       0       0       0
      Locals:         0       0       4       0       0
      Temps:          0       0       0       0       0
      Totals:         4       0       4       0       0
Total ram usage:        8 bytes
 Hardware stack levels used:    1
 Hardware stack levels required when called:    2
 This function calls:
		Nothing
 This function is called by:
		_get_temp_key
 This function uses a non-reentrant model


 *************** function _event_push *****************
 Defined at:
		line 109 in file "../Src/os.c"
 Parameters:    Size  Location     Type
  Event_ID        1    wreg     unsigned char 
 Auto vars:     Size  Location     Type
  Event_ID        1    5[COMMON] unsigned char 
 Return value:  Size  Location     Type
                  1    wreg      void 
 Registers used:
		wreg, fsr1l, fsr1h, status,2, status,0
 Tracked objects:
		On entry : 
		On exit  : 
		Unchanged: 
 Data sizes:     COMMON  BANK0h  BANK0l   BANK1   BANK2
      Params:         0       0       0       0       0
      Locals:         1       0       0       0       0
      Temps:          1       0       0       0       0
      Totals:         2       0       0       0       0
Total ram usage:        2 bytes
 Hardware stack levels used:    1
 Hardware stack levels required when called:    2
 This function calls:
		Nothing
 This function is called by:
		_app_test_100ms
		_app_test_BG
 This function uses a non-reentrant model


 *************** function _enc_dec *****************
 Defined at:
		line 399 in file "../Src/app.c"
 Parameters:    Size  Location     Type
  data            1    wreg     PTR unsigned char 
		 -> cmd_res_data(16), 
  len             1    4[COMMON] unsigned char 
  temp_key_0      1    5[COMMON] unsigned char 
 Auto vars:     Size  Location     Type
  data            1    8[COMMON] PTR unsigned char 
		 -> cmd_res_data(16), 
 Return value:  Size  Location     Type
                  1    wreg      void 
 Registers used:
		wreg, fsr1l, fsr1h, status,2, status,0
 Tracked objects:
		On entry : 
		On exit  : 
		Unchanged: 
 Data sizes:     COMMON  BANK0h  BANK0l   BANK1   BANK2
      Params:         2       0       0       0       0
      Locals:         1       0       0       0       0
      Temps:          2       0       0       0       0
      Totals:         5       0       0       0       0
Total ram usage:        5 bytes
 Hardware stack levels used:    1
 Hardware stack levels required when called:    2
 This function calls:
		Nothing
 This function is called by:
		_app_test_100ms
 This function uses a non-reentrant model


 *************** function _eep_write_char *****************
 Defined at:
		line 333 in file "../Src/system.c"
 Parameters:    Size  Location     Type
  add             1    wreg     unsigned char 
  data            1    4[COMMON] unsigned char 
 Auto vars:     Size  Location     Type
  add             1    6[COMMON] unsigned char 
 Return value:  Size  Location     Type
                  1    wreg      void 
 Registers used:
		wreg, fsr0l, fsr0h, fsr1l, fsr1h, fsr1l, fsr1h, status,2, status,0, pclath, cstack
 Tracked objects:
		On entry : 
		On exit  : 
		Unchanged: 
 Data sizes:     COMMON  BANK0h  BANK0l   BANK1   BANK2
      Params:         1       0       0       0       0
      Locals:         1       0       0       0       0
      Temps:          1       0       0       0       0
      Totals:         3       0       0       0       0
Total ram usage:        3 bytes
 Hardware stack levels used:    1
 Hardware stack levels required when called:    3
 This function calls:
		Nothing
 This function is called by:
		_app_test_100ms
		_app_test_BG
 This function uses a non-reentrant model


 *************** function _com_rx_read_char *****************
 Defined at:
		line 135 in file "../Src/uart.c"
 Parameters:    Size  Location     Type
		None
 Auto vars:     Size  Location     Type
  temp_val        1    5[COMMON] unsigned char 
 Return value:  Size  Location     Type
                  1    wreg      unsigned char 
 Registers used:
		wreg, fsr1l, fsr1h, status,2, status,0
 Tracked objects:
		On entry : 
		On exit  : 
		Unchanged: 
 Data sizes:     COMMON  BANK0h  BANK0l   BANK1   BANK2
      Params:         0       0       0       0       0
      Locals:         1       0       0       0       0
      Temps:          1       0       0       0       0
      Totals:         2       0       0       0       0
Total ram usage:        2 bytes
 Hardware stack levels used:    1
 Hardware stack levels required when called:    2
 This function calls:
		Nothing
 This function is called by:
		_app_test_100ms
 This function uses a non-reentrant model


 *************** function _com_get_rx_buf_lnt *****************
 Defined at:
		line 58 in file "../Src/uart.c"
 Parameters:    Size  Location     Type
		None
 Auto vars:     Size  Location     Type
  temp_dif        1    5[COMMON] unsigned char 
 Return value:  Size  Location     Type
                  1    wreg      unsigned char 
 Registers used:
		wreg, status,2, status,0
 Tracked objects:
		On entry : 
		On exit  : 
		Unchanged: 
 Data sizes:     COMMON  BANK0h  BANK0l   BANK1   BANK2
      Params:         0       0       0       0       0
      Locals:         1       0       0       0       0
      Temps:          1       0       0       0       0
      Totals:         2       0       0       0       0
Total ram usage:        2 bytes
 Hardware stack levels used:    1
 Hardware stack levels required when called:    2
 This function calls:
		Nothing
 This function is called by:
		_app_test_100ms
		_com_if_received
 This function uses a non-reentrant model


 *************** function _CRC_Chk *****************
 Defined at:
		line 379 in file "../Src/app.c"
 Parameters:    Size  Location     Type
  dbuf            1    wreg     PTR unsigned char 
		 -> cmd_res_data(16), 
  len             1    4[COMMON] unsigned char 
  flg             1    5[COMMON] unsigned char 
  MacKey          1    6[COMMON] unsigned char 
 Auto vars:     Size  Location     Type
  dbuf            1    2[BANK0h] PTR unsigned char 
		 -> cmd_res_data(16), 
  sum             1    1[BANK0h] unsigned char 
  st              1    0[BANK0h] unsigned char 
 Return value:  Size  Location     Type
                  1    wreg      unsigned char 
 Registers used:
		wreg, fsr1l, fsr1h, status,2, status,0
 Tracked objects:
		On entry : 
		On exit  : 
		Unchanged: 
 Data sizes:     COMMON  BANK0h  BANK0l   BANK1   BANK2
      Params:         3       0       0       0       0
      Locals:         0       3       0       0       0
      Temps:          1       0       0       0       0
      Totals:         4       3       0       0       0
Total ram usage:        7 bytes
 Hardware stack levels used:    1
 Hardware stack levels required when called:    2
 This function calls:
		Nothing
 This function is called by:
		_app_test_100ms
 This function uses a non-reentrant model


 *************** function _com_send_dat *****************
 Defined at:
		line 5 in file "../Src/uart.c"
 Parameters:    Size  Location     Type
  ptr             2    4[COMMON] PTR unsigned char 
		 -> STR_2(7), STR_1(10), cmd_res_data(16), lock_id(16), 
  len             1    6[COMMON] unsigned char 
 Auto vars:     Size  Location     Type
		None
 Return value:  Size  Location     Type
                  1    wreg      void 
 Registers used:
		wreg, fsr0l, fsr0h, fsr1l, fsr1h, status,2, status,0, pclath
 Tracked objects:
		On entry : 
		On exit  : 
		Unchanged: 
 Data sizes:     COMMON  BANK0h  BANK0l   BANK1   BANK2
      Params:         3       0       0       0       0
      Locals:         0       0       0       0       0
      Temps:          1       0       0       0       0
      Totals:         4       0       0       0       0
Total ram usage:        4 bytes
 Hardware stack levels used:    1
 Hardware stack levels required when called:    2
 This function calls:
		Nothing
 This function is called by:
		_app_test_100ms
		_app_test_1000ms
		_app_test_BG
		_com_send_string
 This function uses a non-reentrant model


 *************** function _isr *****************
 Defined at:
		line 21 in file "../Src/system.c"
 Parameters:    Size  Location     Type
		None
 Auto vars:     Size  Location     Type
		None
 Return value:  Size  Location     Type
                  1    wreg      void 
 Registers used:
		wreg, fsr1l, fsr1h, status,2, status,0, pclath, cstack
 Tracked objects:
		On entry : 
		On exit  : 
		Unchanged: 
 Data sizes:     COMMON  BANK0h  BANK0l   BANK1   BANK2
      Params:         0       0       0       0       0
      Locals:         0       0       0       0       0
      Temps:          2       0       0       0       0
      Totals:         2       0       0       0       0
Total ram usage:        2 bytes
 Hardware stack levels used:    1
 Hardware stack levels required when called:    1
 This function calls:
		_byte_received
		_byte_transmit
 This function is called by:
		Interrupt level 1
 This function uses a non-reentrant model


 *************** function _byte_transmit *****************
 Defined at:
		line 187 in file "../Src/uart.c"
 Parameters:    Size  Location     Type
		None
 Auto vars:     Size  Location     Type
		None
 Return value:  Size  Location     Type
                  1    wreg      void 
 Registers used:
		wreg, fsr1l, fsr1h, status,2, status,0
 Tracked objects:
		On entry : 
		On exit  : 
		Unchanged: 
 Data sizes:     COMMON  BANK0h  BANK0l   BANK1   BANK2
      Params:         0       0       0       0       0
      Locals:         0       0       0       0       0
      Temps:          1       0       0       0       0
      Totals:         1       0       0       0       0
Total ram usage:        1 bytes
 Hardware stack levels used:    1
 This function calls:
		Nothing
 This function is called by:
		_isr
 This function uses a non-reentrant model


 *************** function _byte_received *****************
 Defined at:
		line 170 in file "../Src/uart.c"
 Parameters:    Size  Location     Type
		None
 Auto vars:     Size  Location     Type
  temp_data       1    1[COMMON] unsigned char 
 Return value:  Size  Location     Type
                  1    wreg      void 
 Registers used:
		wreg, fsr1l, fsr1h, status,2, status,0
 Tracked objects:
		On entry : 
		On exit  : 
		Unchanged: 
 Data sizes:     COMMON  BANK0h  BANK0l   BANK1   BANK2
      Params:         0       0       0       0       0
      Locals:         1       0       0       0       0
      Temps:          1       0       0       0       0
      Totals:         2       0       0       0       0
Total ram usage:        2 bytes
 Hardware stack levels used:    1
 This function calls:
		Nothing
 This function is called by:
		_isr
 This function uses a non-reentrant model



MODULE INFORMATION

Module		Function		Class		Link	Load	Size
../Src/os.c
		_event_push    		CODE           	067E	0000	31
		_get_temp_key  		CODE           	0777	0000	15
		_main          		CODE           	07C7	0000	4
		_Run_Os        		CODE           	053A	0000	69
		_event_read    		CODE           	069C	0000	30
		_os_get_sys_tim		CODE           	06D2	0000	25

../Src/os.c estimated size: 174

../Src/uart.c
		_byte_transmit 		CODE           	063A	0000	37
		_com_get_rx_buf_lnt		CODE           	073F	0000	21
		_com_get_tx_buf_lnt		CODE           	0717	0000	21
		_com_ini       		CODE           	07CA	0000	4
		_byte_received 		CODE           	0613	0000	40
		_com_send_dat  		CODE           	05B4	0000	50
		_com_rx_read_char		CODE           	06EA	0000	25

../Src/uart.c estimated size: 198

../Src/system.c
		_Ini_Dio       		CODE           	0793	0000	13
		_Sys_Ini       		CODE           	06B9	0000	26
		_Ini_Oscillator		CODE           	07CE	0000	2
		_Ini_Timer_0   		CODE           	079F	0000	12
		_eep_write_char		CODE           	0785	0000	15
		_read_mem      		CODE           	072B	0000	21
		_isr           		CODE           	02A4	0000	34
		_led0_task     		CODE           	0765	0000	19

../Src/system.c estimated size: 142

shared
		_sys_ver       		CODE           	F0F2	0000	2
		__initialization		CODE           	02C6	0000	26

shared estimated size: 28

../Src/app.c
		_app_test_BG   		CODE           	04D9	0000	98
		_app_test_1ms  		CODE           	07D0	0000	2
		_app_test_10ms 		CODE           	07CF	0000	2
		_mem_compare   		CODE           	065E	0000	33
		_CRC_Chk       		CODE           	05E5	0000	47
		_app_test_100ms		CODE           	02E2	0000	391
		_app_ini       		CODE           	057E	0000	55
		_app_test_1000ms		CODE           	0468	0000	114
		_enc_dec       		CODE           	0702	0000	22

../Src/app.c estimated size: 764

