Microchip MPLAB XC8 Compiler V1.45 ()

Linker command line:

-W-3 --edf=C:\Program Files\Microchip\xc8\v1.45\dat\en_msgs.txt -cs \
  -h+dist/AppDelBL/production\ConDevApp.X.production.sym \
  --cmf=dist/AppDelBL/production\ConDevApp.X.production.cmf -z -Q16F18313 \
  -oC:\Users\acer\AppData\Local\Temp\sq0k.2 \
  -Mdist/AppDelBL/production/ConDevApp.X.production.map -E1 -ver=XC8 \
  -ASTACK=0209Eh-020efh -pstack=STACK -p_AppVer_text=7DDh \
  -p_AppCrcDebug_text=7DEh -ACODE=00h-07DDh -ASTRCODE=00h-07DDh \
  -ASTRING=00h-0FFhx7,0700h-07DDh -ACONST=00h-0FFhx7,0700h-07DDh \
  -AENTRY=00h-0FFhx7,0700h-07DDh -ACOMMON=070h-07Fh -ABANK0=020h-06Fh \
  -ABANK1=0A0h-0EFh -ABANK2=0120h-016Fh -ABIGRAM=02000h-020EFh \
  -ARAM=020h-06Fh,0A0h-0EFh,0120h-016Fh \
  -AABS1=020h-07Fh,0A0h-0EFh,0120h-016Fh -ASFR0=00h-01Fh -ASFR1=080h-09Fh \
  -ASFR2=0100h-011Fh -ASFR3=0180h-01EFh -ASFR4=0200h-026Fh \
  -ASFR5=0280h-02EFh -ASFR6=0300h-036Fh -ASFR7=0380h-03EFh \
  -ASFR8=0400h-046Fh -ASFR9=0480h-04EFh -ASFR10=0500h-056Fh \
  -ASFR11=0580h-05EFh -ASFR12=0600h-066Fh -ASFR13=0680h-06EFh \
  -ASFR14=0700h-076Fh -ASFR15=0780h-07EFh -ASFR16=0800h-086Fh \
  -ASFR17=0880h-08EFh -ASFR18=0900h-096Fh -ASFR19=0980h-09EFh \
  -ASFR20=0A00h-0A6Fh -ASFR21=0A80h-0AEFh -ASFR22=0B00h-0B6Fh \
  -ASFR23=0B80h-0BEFh -ASFR24=0C00h-0C6Fh -ASFR25=0C80h-0CEFh \
  -ASFR26=0D00h-0D6Fh -ASFR27=0D80h-0DEFh -ASFR28=0E00h-0E6Fh \
  -ASFR29=0E80h-0EEFh -ASFR30=0F00h-0F6Fh -ASFR31=0F80h-0FEFh \
  -preset_vec=00h,intentry=04h,init,end_init -ppowerup=CODE -pcinit=CODE \
  -pfunctab=ENTRY -ACONFIG=08007h-0800Ah -pconfig=CONFIG -DCONFIG=2 \
  -AIDLOC=08000h-08003h -pidloc=IDLOC -DIDLOC=2 -AEEDATA=00h-0FFh/0F000h \
  -peeprom_data=EEDATA -DEEDATA=2 -DCODE=2 -DSTRCODE=2 -DSTRING=2 -DCONST=2 \
  -DENTRY=2 -k C:\Users\acer\AppData\Local\Temp\sq0k.obj \
  dist/AppDelBL/production\ConDevApp.X.production.obj 

Object code version is 3.11

Machine type is 16F18313



                Name                               Link     Load   Length Selector   Space Scale
C:\Users\acer\AppData\Local\Temp\sq0k.obj
                end_init                             39       39        1        8       0
                reset_vec                             0        0        1        0       0
                config                             8007     8007        4    1000E       0
dist/AppDelBL/production\ConDevApp.X.production.obj
                cinit                                3A       3A       13        8       0
                intentry                              4        4       35        8       0
                text22                              3EE      3EE       23        8       0
                text21                              3CA      3CA       24        8       0
                text20                              319      319       31        8       0
                text19                              34A      34A       2E        8       0
                text17                              49C      49C       12        8       0
                text16                              4F1      4F1        8      9E2       0
                text15                              4BD      4BD        D      97A       0
                text14                              3A1      3A1       29        8       0
                text13                              474      474       15        8       0
                text12                              506      506        2      A00       0
                text11                              445      445       19        8       0
                text10                              42B      42B       1A        8       0
                text9                               378      378       29        8       0
                text8                               2AD      2AD       37        8       0
                text7                               18E      18E       94        8       0
                text6                               489      489       13        8       0
                text5                                4D       4D      141        8       0
                text4                               411      411       1A        8       0
                text3                               222      222       52        8       0
                text2                               45E      45E       16        8       0
                text1                               2E4      2E4       35        8       0
                maintext                            274      274       39        8       0
                cstackBANK0l                         56       56       12       20       1
                cstackBANK0h                         68       68        3       20       1
                cstackCOMMON                         70       70        A       70       1
                clrtext                             500      500        6      A00       0
                bssBANK1                             A0       A0       4E       A0       1
                bssBANK0l                            20       20       36       20       1
                bssCOMMON                            7A       7A        4       70       1
                stringtext6                         4F9      4F9        7      9F2       0
                stringtext5                         4E9      4E9        8      994       0
                stringtext4                         4E0      4E0        9      994       0
                stringtext3                         4D6      4D6        A      994       0
                stringtext2                         4CA      4CA        C      994       0
                stringtext1                         4AE      4AE        F      95C       0
                _AppVer_text                        7DD      7DD        1      FBA       0
                _AppCrcDebug_text                   7DE      7DE        2      FBC       0

TOTAL           Name                               Link     Load   Length     Space
        CLASS   STACK          

        CLASS   CODE           
                end_init                             39       39        1         0
                cinit                                3A       3A       13         0
                intentry                              4        4       35         0
                reset_vec                             0        0        1         0
                text22                              3EE      3EE       23         0
                text21                              3CA      3CA       24         0
                text20                              319      319       31         0
                text19                              34A      34A       2E         0
                text17                              49C      49C       12         0
                text16                              4F1      4F1        8         0
                text15                              4BD      4BD        D         0
                text14                              3A1      3A1       29         0
                text13                              474      474       15         0
                text12                              506      506        2         0
                text11                              445      445       19         0
                text10                              42B      42B       1A         0
                text9                               378      378       29         0
                text8                               2AD      2AD       37         0
                text7                               18E      18E       94         0
                text6                               489      489       13         0
                text5                                4D       4D      141         0
                text4                               411      411       1A         0
                text3                               222      222       52         0
                text2                               45E      45E       16         0
                text1                               2E4      2E4       35         0
                maintext                            274      274       39         0
                clrtext                             500      500        6         0
                _AppVer_text                        7DD      7DD        1         0
                _AppCrcDebug_text                   7DE      7DE        2         0

        CLASS   STRCODE        
                stringtext6                         4F9      4F9        7         0
                stringtext5                         4E9      4E9        8         0
                stringtext4                         4E0      4E0        9         0
                stringtext3                         4D6      4D6        A         0
                stringtext2                         4CA      4CA        C         0
                stringtext1                         4AE      4AE        F         0

        CLASS   STRING         

        CLASS   CONST          

        CLASS   ENTRY          

        CLASS   COMMON         
                cstackCOMMON                         70       70        A         1
                bssCOMMON                            7A       7A        4         1

        CLASS   BANK0          
                cstackBANK0l                         56       56       12         1
                cstackBANK0h                         68       68        3         1
                bssBANK0l                            20       20       36         1

        CLASS   BANK1          
                bssBANK1                             A0       A0       4E         1

        CLASS   BANK2          

        CLASS   BIGRAM         

        CLASS   RAM            

        CLASS   ABS1           
                abs_s1                               7E       7E        2         1

        CLASS   SFR0           

        CLASS   SFR1           

        CLASS   SFR2           

        CLASS   SFR3           

        CLASS   SFR4           

        CLASS   SFR5           

        CLASS   SFR6           

        CLASS   SFR7           

        CLASS   SFR8           

        CLASS   SFR9           

        CLASS   SFR10          

        CLASS   SFR11          

        CLASS   SFR12          

        CLASS   SFR13          

        CLASS   SFR14          

        CLASS   SFR15          

        CLASS   SFR16          

        CLASS   SFR17          

        CLASS   SFR18          

        CLASS   SFR19          

        CLASS   SFR20          

        CLASS   SFR21          

        CLASS   SFR22          

        CLASS   SFR23          

        CLASS   SFR24          

        CLASS   SFR25          

        CLASS   SFR26          

        CLASS   SFR27          

        CLASS   SFR28          

        CLASS   SFR29          

        CLASS   SFR30          

        CLASS   SFR31          

        CLASS   CONFIG         
                config                             8007     8007        4         0

        CLASS   IDLOC          

        CLASS   EEDATA         

        CLASS   BANK31         

        CLASS   BANK30         

        CLASS   BANK29         

        CLASS   BANK28         

        CLASS   BANK27         

        CLASS   BANK26         

        CLASS   BANK25         

        CLASS   BANK24         

        CLASS   BANK23         

        CLASS   BANK22         

        CLASS   BANK21         

        CLASS   BANK20         

        CLASS   BANK19         

        CLASS   BANK18         

        CLASS   BANK17         

        CLASS   BANK16         

        CLASS   BANK15         

        CLASS   BANK14         

        CLASS   BANK13         

        CLASS   BANK12         

        CLASS   BANK11         

        CLASS   BANK10         

        CLASS   BANK9          

        CLASS   BANK8          

        CLASS   BANK7          

        CLASS   BANK6          

        CLASS   BANK5          

        CLASS   BANK4          

        CLASS   BANK3          



SEGMENTS        Name                           Load    Length   Top    Selector   Space  Class     Delta

                reset_vec                      000000  000001  000001         0       0  CODE        2
                intentry                       000004  0004AA  0004AE         8       0  CODE        2
                bssBANK0l                      000020  00004B  00006B        20       1  BANK0       1
                cstackCOMMON                   000070  00000E  00007E        70       1  COMMON      1
                bssBANK1                       0000A0  00004E  0000EE        A0       1  BANK1       1
                stringtext1                    0004AE  00000F  0004BD       95C       0  STRCODE     2
                text15                         0004BD  00000D  0004CA       97A       0  CODE        2
                stringtext2                    0004CA  000027  0004F1       994       0  STRCODE     2
                text16                         0004F1  000008  0004F9       9E2       0  CODE        2
                stringtext6                    0004F9  000007  000500       9F2       0  STRCODE     2
                clrtext                        000500  000008  000508       A00       0  CODE        2
                _AppVer_text                   0007DD  000001  0007DE       FBA       0  CODE        2
                _AppCrcDebug_text              0007DE  000002  0007E0       FBC       0  CODE        2
                config                         008007  000004  00800B     1000E       0  CONFIG      2


UNUSED ADDRESS RANGES

        Name                Unused          Largest block    Delta
        BANK0            0006B-0006F               5           1
        BANK1            000EE-000EF               2           1
        BANK2            00120-0016F              50           1
        BIGRAM           02000-020EF              F0           1
        CODE             00001-00003               3           2
                         00508-007DC             2D5
        CONST            00001-00003               3           2
                         00508-007DC             100
        EEDATA           0F000-0F0FF             100           2
        ENTRY            00001-00003               3           2
                         00508-007DC             100
        IDLOC            08000-08003               4           2
        RAM              0006B-0006F               5           1
                         000EE-000EF               2
                         00120-0016F              50
        SFR0             00000-0001F              20           1
        SFR1             00080-0009F              20           1
        SFR10            00500-0056F              70           1
        SFR11            00580-005EF              70           1
        SFR12            00600-0066F              70           1
        SFR13            00680-006EF              70           1
        SFR14            00700-0076F              70           1
        SFR15            00780-007EF              70           1
        SFR16            00800-0086F              70           1
        SFR17            00880-008EF              70           1
        SFR18            00900-0096F              70           1
        SFR19            00980-009EF              70           1
        SFR2             00100-0011F              20           1
        SFR20            00A00-00A6F              70           1
        SFR21            00A80-00AEF              70           1
        SFR22            00B00-00B6F              70           1
        SFR23            00B80-00BEF              70           1
        SFR24            00C00-00C6F              70           1
        SFR25            00C80-00CEF              70           1
        SFR26            00D00-00D6F              70           1
        SFR27            00D80-00DEF              70           1
        SFR28            00E00-00E6F              70           1
        SFR29            00E80-00EEF              70           1
        SFR3             00180-001EF              70           1
        SFR30            00F00-00F6F              70           1
        SFR31            00F80-00FEF              70           1
        SFR4             00200-0026F              70           1
        SFR5             00280-002EF              70           1
        SFR6             00300-0036F              70           1
        SFR7             00380-003EF              70           1
        SFR8             00400-0046F              70           1
        SFR9             00480-004EF              70           1
        STACK            0209E-020EF              52           1
        STRCODE          00001-00003               3           2
                         00508-007DC             2D5
        STRING           00001-00003               3           2
                         00508-007DC             100

                                  Symbol Table

Com@CommKeys                 bssBANK1          000D6
Com@TempKey                  bssBANK1          000E6
Com@comData                  bssBANK0l         00044
Com@crc                      cstackBANK0l      00060
Com@valLen                   cstackBANK0l      0005F
Sys_Ini@count                cstackBANK0h      00068
_ADIF                        (abs)             0008E
_ANSELA                      (abs)             0018C
_AppCrcDebug                 _AppCrcDebug_text 007DE
_AppCrcDebug_absaddr         (abs)             007DE
_AppVer                      _AppVer_text      007DD
_AppVer_absaddr              (abs)             007DD
_BRG16                       (abs)             00CFB
_BlinkPriod                  bssCOMMON         0007B
_Bt_Data                     (abs)             00068
_Bt_WriteEep                 (abs)             001EE
_CPUDOZE                     (abs)             00918
_Com                         text5             0004D
_INTCONbits                  (abs)             0000B
_IOCAF5                      (abs)             01C9D
_IOCAN5                      (abs)             01C95
_IOCAP5                      (abs)             01C8D
_IOCIE                       (abs)             00484
_Ini_Dio                     text17            0049C
_Ini_Oscillator              text16            004F1
_LATA                        (abs)             0010C
_LATAbits                    (abs)             0010C
_LedUpdate                   text4             00411
_Led_st_cnt                  bssCOMMON         0007C
_NVMADR                      (abs)             00891
_OSCCON1bits                 (abs)             00919
_OSCCON3bits                 (abs)             0091B
_PIE0bits                    (abs)             00090
_PIR0bits                    (abs)             00010
_PIR1bits                    (abs)             00011
_PORTAbits                   (abs)             0000C
_RA4PPS                      (abs)             00E94
_RC1REG                      (abs)             00199
_RC1STA                      (abs)             0019D
_RCIE                        (abs)             0048D
_RXPPS                       (abs)             00E24
_SPBRG                       (abs)             0019B
_Sys_Ini                     text14            003A1
_T0CON0bits                  (abs)             00017
_T0CON1                      (abs)             00018
_T2CON                       (abs)             0001F
_TMR0H                       (abs)             00016
_TMR0L                       (abs)             00015
_TMR2IF                      (abs)             00089
_TRISA                       (abs)             0008C
_TX1REG                      (abs)             0019A
_TX1STA                      (abs)             0019E
_TXEN                        (abs)             00CF5
_TXIE                        (abs)             0048C
_WPUA                        (abs)             0020C
__CFG_BOREN$SBOREN           (abs)             00000
__CFG_BORV$LOW               (abs)             00000
__CFG_CLKOUTEN$OFF           (abs)             00000
__CFG_CP$OFF                 (abs)             00000
__CFG_CPD$OFF                (abs)             00000
__CFG_CSWEN$ON               (abs)             00000
__CFG_DEBUG$OFF              (abs)             00000
__CFG_FCMEN$ON               (abs)             00000
__CFG_FEXTOSC$OFF            (abs)             00000
__CFG_LPBOREN$ON             (abs)             00000
__CFG_LVP$OFF                (abs)             00000
__CFG_MCLRE$OFF              (abs)             00000
__CFG_PPS1WAY$ON             (abs)             00000
__CFG_PWRTE$OFF              (abs)             00000
__CFG_STVREN$ON              (abs)             00000
__CFG_WDTE$OFF               (abs)             00000
__CFG_WRT$OFF                (abs)             00000
__H_AppCrcDebug_text         _AppCrcDebug_text 007E0
__H_AppVer_text              _AppVer_text      007DE
__Habs1                      abs1              00000
__Hbank0                     bank0             00000
__Hbank1                     bank1             00000
__Hbank10                    bank10            00000
__Hbank11                    bank11            00000
__Hbank12                    bank12            00000
__Hbank13                    bank13            00000
__Hbank14                    bank14            00000
__Hbank15                    bank15            00000
__Hbank16                    bank16            00000
__Hbank17                    bank17            00000
__Hbank18                    bank18            00000
__Hbank19                    bank19            00000
__Hbank2                     bank2             00000
__Hbank20                    bank20            00000
__Hbank21                    bank21            00000
__Hbank22                    bank22            00000
__Hbank23                    bank23            00000
__Hbank24                    bank24            00000
__Hbank25                    bank25            00000
__Hbank26                    bank26            00000
__Hbank27                    bank27            00000
__Hbank28                    bank28            00000
__Hbank29                    bank29            00000
__Hbank3                     bank3             00000
__Hbank30                    bank30            00000
__Hbank31                    bank31            00000
__Hbank4                     bank4             00000
__Hbank5                     bank5             00000
__Hbank6                     bank6             00000
__Hbank7                     bank7             00000
__Hbank8                     bank8             00000
__Hbank9                     bank9             00000
__Hbigram                    bigram            00000
__HbssBANK0l                 bssBANK0l         00000
__HbssBANK1                  bssBANK1          00000
__HbssCOMMON                 bssCOMMON         00000
__Hcinit                     cinit             0004D
__Hclrtext                   clrtext           00000
__Hcode                      code              00000
__Hcommon                    common            00000
__Hconfig                    config            0800B
__HcstackBANK0h              cstackBANK0h      00000
__HcstackBANK0l              cstackBANK0l      00000
__HcstackCOMMON              cstackCOMMON      00000
__Heeprom_data               eeprom_data       00000
__Hend_init                  end_init          0003A
__Hfunctab                   functab           00000
__Hidloc                     idloc             00000
__Hinit                      init              00039
__Hintentry                  intentry          00039
__Hmaintext                  maintext          00000
__Hpowerup                   powerup           00000
__Hram                       ram               00000
__Hreset_vec                 reset_vec         00001
__Hsfr0                      sfr0              00000
__Hsfr1                      sfr1              00000
__Hsfr10                     sfr10             00000
__Hsfr11                     sfr11             00000
__Hsfr12                     sfr12             00000
__Hsfr13                     sfr13             00000
__Hsfr14                     sfr14             00000
__Hsfr15                     sfr15             00000
__Hsfr16                     sfr16             00000
__Hsfr17                     sfr17             00000
__Hsfr18                     sfr18             00000
__Hsfr19                     sfr19             00000
__Hsfr2                      sfr2              00000
__Hsfr20                     sfr20             00000
__Hsfr21                     sfr21             00000
__Hsfr22                     sfr22             00000
__Hsfr23                     sfr23             00000
__Hsfr24                     sfr24             00000
__Hsfr25                     sfr25             00000
__Hsfr26                     sfr26             00000
__Hsfr27                     sfr27             00000
__Hsfr28                     sfr28             00000
__Hsfr29                     sfr29             00000
__Hsfr3                      sfr3              00000
__Hsfr30                     sfr30             00000
__Hsfr31                     sfr31             00000
__Hsfr4                      sfr4              00000
__Hsfr5                      sfr5              00000
__Hsfr6                      sfr6              00000
__Hsfr7                      sfr7              00000
__Hsfr8                      sfr8              00000
__Hsfr9                      sfr9              00000
__Hspace_0                   (abs)             0800B
__Hspace_1                   (abs)             000EE
__Hspace_2                   (abs)             00000
__Hspace_3                   (abs)             00000
__Hstack                     stack             00000
__Hstrings                   strings           00000
__Hstringtext1               stringtext1       00000
__Hstringtext2               stringtext2       00000
__Hstringtext3               stringtext3       00000
__Hstringtext4               stringtext4       00000
__Hstringtext5               stringtext5       00000
__Hstringtext6               stringtext6       00000
__Hstringtext7               stringtext7       00000
__Htext                      text              00000
__L_AppCrcDebug_text         _AppCrcDebug_text 007DE
__L_AppVer_text              _AppVer_text      007DD
__Labs1                      abs1              00000
__Lbank0                     bank0             00000
__Lbank1                     bank1             00000
__Lbank10                    bank10            00000
__Lbank11                    bank11            00000
__Lbank12                    bank12            00000
__Lbank13                    bank13            00000
__Lbank14                    bank14            00000
__Lbank15                    bank15            00000
__Lbank16                    bank16            00000
__Lbank17                    bank17            00000
__Lbank18                    bank18            00000
__Lbank19                    bank19            00000
__Lbank2                     bank2             00000
__Lbank20                    bank20            00000
__Lbank21                    bank21            00000
__Lbank22                    bank22            00000
__Lbank23                    bank23            00000
__Lbank24                    bank24            00000
__Lbank25                    bank25            00000
__Lbank26                    bank26            00000
__Lbank27                    bank27            00000
__Lbank28                    bank28            00000
__Lbank29                    bank29            00000
__Lbank3                     bank3             00000
__Lbank30                    bank30            00000
__Lbank31                    bank31            00000
__Lbank4                     bank4             00000
__Lbank5                     bank5             00000
__Lbank6                     bank6             00000
__Lbank7                     bank7             00000
__Lbank8                     bank8             00000
__Lbank9                     bank9             00000
__Lbigram                    bigram            00000
__LbssBANK0l                 bssBANK0l         00000
__LbssBANK1                  bssBANK1          00000
__LbssCOMMON                 bssCOMMON         00000
__Lcinit                     cinit             0003A
__Lclrtext                   clrtext           00000
__Lcode                      code              00000
__Lcommon                    common            00000
__Lconfig                    config            08007
__LcstackBANK0h              cstackBANK0h      00000
__LcstackBANK0l              cstackBANK0l      00000
__LcstackCOMMON              cstackCOMMON      00000
__Leeprom_data               eeprom_data       00000
__Lend_init                  end_init          00039
__Lfunctab                   functab           00000
__Lidloc                     idloc             00000
__Linit                      init              00039
__Lintentry                  intentry          00004
__Lmaintext                  maintext          00000
__Lpowerup                   powerup           00000
__Lram                       ram               00000
__Lreset_vec                 reset_vec         00000
__Lsfr0                      sfr0              00000
__Lsfr1                      sfr1              00000
__Lsfr10                     sfr10             00000
__Lsfr11                     sfr11             00000
__Lsfr12                     sfr12             00000
__Lsfr13                     sfr13             00000
__Lsfr14                     sfr14             00000
__Lsfr15                     sfr15             00000
__Lsfr16                     sfr16             00000
__Lsfr17                     sfr17             00000
__Lsfr18                     sfr18             00000
__Lsfr19                     sfr19             00000
__Lsfr2                      sfr2              00000
__Lsfr20                     sfr20             00000
__Lsfr21                     sfr21             00000
__Lsfr22                     sfr22             00000
__Lsfr23                     sfr23             00000
__Lsfr24                     sfr24             00000
__Lsfr25                     sfr25             00000
__Lsfr26                     sfr26             00000
__Lsfr27                     sfr27             00000
__Lsfr28                     sfr28             00000
__Lsfr29                     sfr29             00000
__Lsfr3                      sfr3              00000
__Lsfr30                     sfr30             00000
__Lsfr31                     sfr31             00000
__Lsfr4                      sfr4              00000
__Lsfr5                      sfr5              00000
__Lsfr6                      sfr6              00000
__Lsfr7                      sfr7              00000
__Lsfr8                      sfr8              00000
__Lsfr9                      sfr9              00000
__Lspace_0                   (abs)             00000
__Lspace_1                   (abs)             00000
__Lspace_2                   (abs)             00000
__Lspace_3                   (abs)             00000
__Lstack                     stack             00000
__Lstrings                   strings           00000
__Lstringtext1               stringtext1       00000
__Lstringtext2               stringtext2       00000
__Lstringtext3               stringtext3       00000
__Lstringtext4               stringtext4       00000
__Lstringtext5               stringtext5       00000
__Lstringtext6               stringtext6       00000
__Lstringtext7               stringtext7       00000
__Ltext                      text              00000
__S0                         (abs)             0800B
__S1                         (abs)             000EE
__S2                         (abs)             00000
__S3                         (abs)             00000
___int_sp                    stack             00000
___latbits                   (abs)             00000
___sp                        stack             00000
__end_of_AppCrcDebug         _AppCrcDebug_text 007E0
__end_of_AppVer              _AppVer_text      007DE
__end_of_Com                 text5             0018E
__end_of_Ini_Dio             text17            004AE
__end_of_Ini_Oscillator      text16            004F9
__end_of_LedUpdate           text4             0042B
__end_of_Sys_Ini             text14            003CA
__end_of__initialization     cinit             0004A
__end_of_allTimerDeactive    text13            00489
__end_of_byte_received       text22            00411
__end_of_byte_transmit       text21            003EE
__end_of_canSleep            text12            00508
__end_of_com_get_rx_buf_lnt  text10            00445
__end_of_com_ini             text15            004CA
__end_of_com_rx_read_data    text9             003A1
__end_of_com_send_data       text8             002E4
__end_of_ddpSimp             text7             00222
__end_of_fdr                 text3             00274
__end_of_getNextEvent        text11            0045E
__end_of_handleTimer         text1             00319
__end_of_isr                 intentry          00039
__end_of_led0_blink          text6             0049C
__end_of_main                maintext          002AD
__end_of_putNextEvent        text19            00378
__end_of_swTimerOverflow     text2             00474
__end_ofi1_com_send_data     text20            0034A
__initialization             cinit             0003A
__p_AppCrcDebug_text         _AppCrcDebug_text 007DE
__p_AppVer_text              _AppVer_text      007DD
__pbssBANK0l                 bssBANK0l         00020
__pbssBANK1                  bssBANK1          000A0
__pbssCOMMON                 bssCOMMON         0007A
__pcstackBANK0h              cstackBANK0h      00068
__pcstackBANK0l              cstackBANK0l      00056
__pcstackCOMMON              cstackCOMMON      00070
__pintentry                  intentry          00004
__pmaintext                  maintext          00274
__pstringtext1               stringtext1       004AE
__pstringtext2               stringtext2       004CA
__pstringtext3               stringtext3       004D6
__pstringtext4               stringtext4       004E0
__pstringtext5               stringtext5       004E9
__pstringtext6               stringtext6       004F9
__pstringtext7               stringtext7       00000
__ptext1                     text1             002E4
__ptext10                    text10            0042B
__ptext11                    text11            00445
__ptext12                    text12            00506
__ptext13                    text13            00474
__ptext14                    text14            003A1
__ptext15                    text15            004BD
__ptext16                    text16            004F1
__ptext17                    text17            0049C
__ptext19                    text19            0034A
__ptext2                     text2             0045E
__ptext20                    text20            00319
__ptext21                    text21            003CA
__ptext22                    text22            003EE
__ptext3                     text3             00222
__ptext4                     text4             00411
__ptext5                     text5             0004D
__ptext6                     text6             00489
__ptext7                     text7             0018E
__ptext8                     text8             002AD
__ptext9                     text9             00378
__size_of_Com                (abs)             00000
__size_of_Ini_Dio            (abs)             00000
__size_of_Ini_Oscillator     (abs)             00000
__size_of_LedUpdate          (abs)             00000
__size_of_Sys_Ini            (abs)             00000
__size_of_allTimerDeactive   (abs)             00000
__size_of_byte_received      (abs)             00000
__size_of_byte_transmit      (abs)             00000
__size_of_canSleep           (abs)             00000
__size_of_com_get_rx_buf_lnt (abs)             00000
__size_of_com_ini            (abs)             00000
__size_of_com_rx_read_data   (abs)             00000
__size_of_com_send_data      (abs)             00000
__size_of_ddpSimp            (abs)             00000
__size_of_fdr                (abs)             00000
__size_of_getNextEvent       (abs)             00000
__size_of_handleTimer        (abs)             00000
__size_of_isr                (abs)             00000
__size_of_led0_blink         (abs)             00000
__size_of_main               (abs)             00000
__size_of_putNextEvent       (abs)             00000
__size_of_swTimerOverflow    (abs)             00000
__size_ofi1_com_send_data    (abs)             00000
_allTimerDeactive            text13            00474
_byte_received               text22            003EE
_byte_transmit               text21            003CA
_canSleep                    text12            00506
_com                         bssBANK1          000A0
_com_get_rx_buf_lnt          text10            0042B
_com_ini                     text15            004BD
_com_rx_read_data            text9             00378
_com_send_data               text8             002AD
_ddpSimp                     text7             0018E
_fdr                         text3             00222
_getNextEvent                text11            00445
_handleTimer                 text1             002E4
_isr                         intentry          00004
_led0_blink                  text6             00489
_main                        maintext          00274
_putNextEvent                text19            0034A
_pw1                         (abs)             007E8
_sn                          (abs)             007E0
_strScheduler                bssBANK0l         00020
_swTimerOverflow             text2             0045E
allTimerDeactive@i           cstackBANK0h      00069
btemp                        (abs)             0007E
clear_ram0                   clrtext           00500
com_get_rx_buf_lnt@temp_dif  cstackBANK0h      00069
com_rx_read_data@dataPtr     cstackBANK0h      0006A
com_rx_read_data@len         cstackBANK0h      00068
com_send_data@len            cstackBANK0h      0006A
com_send_data@ptr            cstackBANK0h      00068
ddpSimp@cmd                  cstackBANK0l      00059
ddpSimp@dest                 cstackBANK0l      0005C
ddpSimp@idx                  cstackBANK0l      0005B
ddpSimp@len                  cstackBANK0l      00058
ddpSimp@src                  cstackBANK0l      00056
ddpSimp@st                   cstackBANK0l      0005A
end_of_initialization        cinit             0004A
fdr@_itr                     bssCOMMON         0007A
getNextEvent@tempEvent       cstackBANK0h      00069
handleTimer@data             cstackBANK0l      00063
handleTimer@i                cstackBANK0l      00066
handleTimer@tmrH             bssBANK0l         00042
i1_com_send_data             text20            00319
i1com_send_data@len          cstackCOMMON      00072
i1com_send_data@ptr          cstackCOMMON      00070
int$flags                    (abs)             0007E
intlevel0                    functab           00000
intlevel1                    functab           00000
intlevel2                    functab           00000
intlevel3                    functab           00000
intlevel4                    functab           00000
intlevel5                    functab           00000
led0_blink@Priod             cstackBANK0h      00068
led0_blink@cnt               cstackBANK0h      0006A
main@eventVal                bssBANK0l         00043
putNextEvent@data            cstackCOMMON      00076
putNextEvent@fptr            cstackCOMMON      00074
putNextEvent@stOverflow      bssCOMMON         0007D
reset_vec                    reset_vec         00000
stackhi                      (abs)             020EF
stacklo                      (abs)             0209E
start                        init              00039
start_initialization         cinit             0003A
swTimerOverflow@tmrIdx       cstackBANK0l      00062
wtemp0                       (abs)             0007E


FUNCTION INFORMATION:

 *************** function _main *****************
 Defined at:
		line 11 in file "../Src/os.c"
 Parameters:    Size  Location     Type
		None
 Auto vars:     Size  Location     Type
		None
 Return value:  Size  Location     Type
                  1    wreg      void 
 Registers used:
		wreg, fsr0l, fsr0h, fsr1l, fsr1h, fsr1l, fsr1h, status,2, status,0, pclath, cstack
 Tracked objects:
		On entry : 
		On exit  : 
		Unchanged: 
 Data sizes:     COMMON  BANK0h  BANK0l   BANK1   BANK2
      Params:         0       0       0       0       0
      Locals:         0       0       0       0       0
      Temps:          0       0       1       0       0
      Totals:         0       0       1       0       0
Total ram usage:        1 bytes
 Hardware stack levels required when called:    7
 This function calls:
		_Sys_Ini
		_canSleep
		_com_send_data
		_getNextEvent
		_handleTimer
		_led0_blink
 This function is called by:
		Startup code after reset
 This function uses a non-reentrant model


 *************** function _handleTimer *****************
 Defined at:
		line 118 in file "../Src/os.c"
 Parameters:    Size  Location     Type
  data            2   13[BANK0l] PTR void 
		 -> handleTimer(1), 
 Auto vars:     Size  Location     Type
  i               1   16[BANK0l] unsigned char 
 Return value:  Size  Location     Type
                  1    wreg      void 
 Registers used:
		wreg, fsr0l, fsr0h, fsr1l, fsr1h, fsr1l, fsr1h, status,2, status,0, pclath, cstack
 Tracked objects:
		On entry : 
		On exit  : 
		Unchanged: 
 Data sizes:     COMMON  BANK0h  BANK0l   BANK1   BANK2
      Params:         0       0       2       0       0
      Locals:         0       0       1       0       0
      Temps:          0       0       1       0       0
      Totals:         0       0       4       0       0
Total ram usage:        4 bytes
 Hardware stack levels used:    1
 Hardware stack levels required when called:    6
 This function calls:
		_swTimerOverflow
 This function is called by:
		_isr
		_main
 This function uses a non-reentrant model


 *************** function _swTimerOverflow *****************
 Defined at:
		line 149 in file "../Src/os.c"
 Parameters:    Size  Location     Type
  tmrIdx          1    wreg     unsigned char 
 Auto vars:     Size  Location     Type
  tmrIdx          1   12[BANK0l] unsigned char 
 Return value:  Size  Location     Type
                  1    wreg      void 
 Registers used:
		wreg, fsr0l, fsr0h, fsr1l, fsr1h, fsr1l, fsr1h, status,2, status,0, pclath, cstack
 Tracked objects:
		On entry : 
		On exit  : 
		Unchanged: 
 Data sizes:     COMMON  BANK0h  BANK0l   BANK1   BANK2
      Params:         0       0       0       0       0
      Locals:         0       0       1       0       0
      Temps:          0       0       1       0       0
      Totals:         0       0       2       0       0
Total ram usage:        2 bytes
 Hardware stack levels used:    1
 Hardware stack levels required when called:    5
 This function calls:
		_Com
		_LedUpdate
		_fdr
 This function is called by:
		_handleTimer
 This function uses a non-reentrant model


 *************** function _fdr *****************
 Defined at:
		line 117 in file "C:/Users/acer/Desktop/_GitConDev/Firmware/App/Src/app.c"
 Parameters:    Size  Location     Type
		None
 Auto vars:     Size  Location     Type
		None
 Return value:  Size  Location     Type
                  1    wreg      void 
 Registers used:
		wreg, fsr0l, fsr0h, fsr1l, fsr1h, fsr1l, fsr1h, status,2, status,0, pclath, cstack
 Tracked objects:
		On entry : 
		On exit  : 
		Unchanged: 
 Data sizes:     COMMON  BANK0h  BANK0l   BANK1   BANK2
      Params:         0       0       0       0       0
      Locals:         0       0       0       0       0
      Temps:          0       0       1       0       0
      Totals:         0       0       1       0       0
Total ram usage:        1 bytes
 Hardware stack levels used:    1
 Hardware stack levels required when called:    4
 This function calls:
		_com_send_data
 This function is called by:
		_swTimerOverflow
 This function uses a non-reentrant model


 *************** function _LedUpdate *****************
 Defined at:
		line 148 in file "C:/Users/acer/Desktop/_GitConDev/Firmware/App/Src/app.c"
 Parameters:    Size  Location     Type
		None
 Auto vars:     Size  Location     Type
		None
 Return value:  Size  Location     Type
                  1    wreg      void 
 Registers used:
		wreg, status,2, status,0
 Tracked objects:
		On entry : 
		On exit  : 
		Unchanged: 
 Data sizes:     COMMON  BANK0h  BANK0l   BANK1   BANK2
      Params:         0       0       0       0       0
      Locals:         0       0       0       0       0
      Temps:          0       1       0       0       0
      Totals:         0       1       0       0       0
Total ram usage:        1 bytes
 Hardware stack levels used:    1
 Hardware stack levels required when called:    3
 This function calls:
		Nothing
 This function is called by:
		_swTimerOverflow
 This function uses a non-reentrant model


 *************** function _Com *****************
 Defined at:
		line 8 in file "C:/Users/acer/Desktop/_GitConDev/Firmware/App/Src/app.c"
 Parameters:    Size  Location     Type
		None
 Auto vars:     Size  Location     Type
  crc             1   10[BANK0l] unsigned char 
  valLen          1    9[BANK0l] unsigned char 
 Return value:  Size  Location     Type
                  1    wreg      void 
 Registers used:
		wreg, fsr0l, fsr0h, fsr1l, fsr1h, fsr1l, fsr1h, status,2, status,0, pclath, cstack
 Tracked objects:
		On entry : 
		On exit  : 
		Unchanged: 
 Data sizes:     COMMON  BANK0h  BANK0l   BANK1   BANK2
      Params:         0       0       0       0       0
      Locals:         0       0       2       0       0
      Temps:          0       0       2       0       0
      Totals:         0       0       4       0       0
Total ram usage:        4 bytes
 Hardware stack levels used:    1
 Hardware stack levels required when called:    4
 This function calls:
		_com_get_rx_buf_lnt
		_com_rx_read_data
		_com_send_data
		_ddpSimp
		_led0_blink
 This function is called by:
		_swTimerOverflow
 This function uses a non-reentrant model


 *************** function _led0_blink *****************
 Defined at:
		line 158 in file "C:/Users/acer/Desktop/_GitConDev/Firmware/App/Src/app.c"
 Parameters:    Size  Location     Type
  cnt             1    wreg     unsigned char 
  Priod           1    0[BANK0h] unsigned char 
 Auto vars:     Size  Location     Type
  cnt             1    2[BANK0h] unsigned char 
 Return value:  Size  Location     Type
                  1    wreg      void 
 Registers used:
		wreg, status,2, status,0
 Tracked objects:
		On entry : 
		On exit  : 
		Unchanged: 
 Data sizes:     COMMON  BANK0h  BANK0l   BANK1   BANK2
      Params:         0       1       0       0       0
      Locals:         0       1       0       0       0
      Temps:          0       1       0       0       0
      Totals:         0       3       0       0       0
Total ram usage:        3 bytes
 Hardware stack levels used:    1
 Hardware stack levels required when called:    3
 This function calls:
		Nothing
 This function is called by:
		_main
		_Com
 This function uses a non-reentrant model


 *************** function _ddpSimp *****************
 Defined at:
		line 168 in file "C:/Users/acer/Desktop/_GitConDev/Firmware/App/Src/app.c"
 Parameters:    Size  Location     Type
  dest            1    wreg     PTR unsigned char 
		 -> Com@CommKeys(16), Com@TempKey(8), Com@comData(18), Com@crc(1), 
  src             2    0[BANK0l] PTR unsigned char 
		 -> sn(0), pw1(0), Com@CommKeys(16), Com@TempKey(8), 
		 -> Com@comData(18), 
  len             1    2[BANK0l] unsigned char 
  cmd             1    3[BANK0l] unsigned char 
 Auto vars:     Size  Location     Type
  dest            1    6[BANK0l] PTR unsigned char 
		 -> Com@CommKeys(16), Com@TempKey(8), Com@comData(18), Com@crc(1), 
  idx             1    5[BANK0l] unsigned char 
  st              1    4[BANK0l] unsigned char 
 Return value:  Size  Location     Type
                  1    wreg      unsigned char 
 Registers used:
		wreg, fsr0l, fsr0h, fsr1l, fsr1h, status,2, status,0, pclath
 Tracked objects:
		On entry : 
		On exit  : 
		Unchanged: 
 Data sizes:     COMMON  BANK0h  BANK0l   BANK1   BANK2
      Params:         0       0       4       0       0
      Locals:         0       0       3       0       0
      Temps:          0       1       0       0       0
      Totals:         0       1       7       0       0
Total ram usage:        8 bytes
 Hardware stack levels used:    1
 Hardware stack levels required when called:    3
 This function calls:
		Nothing
 This function is called by:
		_Com
 This function uses a non-reentrant model


 *************** function _com_send_data *****************
 Defined at:
		line 5 in file "C:/Users/acer/Desktop/_GitConDev/Firmware/App/Src/uart.c"
 Parameters:    Size  Location     Type
  ptr             2    0[BANK0h] PTR unsigned char 
		 -> printfB@dat(1), STR_9(7), STR_8(8), sn(0), 
		 -> pw1(0), STR_6(10), STR_4(9), Com@TempKey(8), 
		 -> Com@comData(18), Com@crc(1), STR_3(12), STR_1(15), 
  len             1    2[BANK0h] unsigned char 
 Auto vars:     Size  Location     Type
		None
 Return value:  Size  Location     Type
                  1    wreg      void 
 Registers used:
		wreg, fsr0l, fsr0h, fsr1l, fsr1h, status,2, status,0, pclath
 Tracked objects:
		On entry : 
		On exit  : 
		Unchanged: 
 Data sizes:     COMMON  BANK0h  BANK0l   BANK1   BANK2
      Params:         0       3       0       0       0
      Locals:         0       0       0       0       0
      Temps:          0       0       1       0       0
      Totals:         0       3       1       0       0
Total ram usage:        4 bytes
 Hardware stack levels used:    1
 Hardware stack levels required when called:    3
 This function calls:
		Nothing
 This function is called by:
		_main
		_Com
		_fdr
		_printfB
 This function uses a non-reentrant model


 *************** function _com_rx_read_data *****************
 Defined at:
		line 135 in file "C:/Users/acer/Desktop/_GitConDev/Firmware/App/Src/uart.c"
 Parameters:    Size  Location     Type
  dataPtr         1    wreg     PTR unsigned char 
		 -> Com@comData(18), 
  len             1    0[BANK0h] unsigned char 
 Auto vars:     Size  Location     Type
  dataPtr         1    2[BANK0h] PTR unsigned char 
		 -> Com@comData(18), 
 Return value:  Size  Location     Type
                  1    wreg      void 
 Registers used:
		wreg, fsr1l, fsr1h, status,2, status,0
 Tracked objects:
		On entry : 
		On exit  : 
		Unchanged: 
 Data sizes:     COMMON  BANK0h  BANK0l   BANK1   BANK2
      Params:         0       1       0       0       0
      Locals:         0       1       0       0       0
      Temps:          0       1       0       0       0
      Totals:         0       3       0       0       0
Total ram usage:        3 bytes
 Hardware stack levels used:    1
 Hardware stack levels required when called:    3
 This function calls:
		Nothing
 This function is called by:
		_Com
 This function uses a non-reentrant model


 *************** function _com_get_rx_buf_lnt *****************
 Defined at:
		line 59 in file "C:/Users/acer/Desktop/_GitConDev/Firmware/App/Src/uart.c"
 Parameters:    Size  Location     Type
		None
 Auto vars:     Size  Location     Type
  temp_dif        1    1[BANK0h] unsigned char 
 Return value:  Size  Location     Type
                  1    wreg      unsigned char 
 Registers used:
		wreg, status,2, status,0
 Tracked objects:
		On entry : 
		On exit  : 
		Unchanged: 
 Data sizes:     COMMON  BANK0h  BANK0l   BANK1   BANK2
      Params:         0       0       0       0       0
      Locals:         0       1       0       0       0
      Temps:          0       1       0       0       0
      Totals:         0       2       0       0       0
Total ram usage:        2 bytes
 Hardware stack levels used:    1
 Hardware stack levels required when called:    3
 This function calls:
		Nothing
 This function is called by:
		_Com
 This function uses a non-reentrant model


 *************** function _getNextEvent *****************
 Defined at:
		line 86 in file "../Src/os.c"
 Parameters:    Size  Location     Type
		None
 Auto vars:     Size  Location     Type
  tempEvent       1    1[BANK0h] unsigned char 
 Return value:  Size  Location     Type
                  1    wreg      unsigned char 
 Registers used:
		wreg, status,2, status,0
 Tracked objects:
		On entry : 
		On exit  : 
		Unchanged: 
 Data sizes:     COMMON  BANK0h  BANK0l   BANK1   BANK2
      Params:         0       0       0       0       0
      Locals:         0       1       0       0       0
      Temps:          0       1       0       0       0
      Totals:         0       2       0       0       0
Total ram usage:        2 bytes
 Hardware stack levels used:    1
 Hardware stack levels required when called:    3
 This function calls:
		Nothing
 This function is called by:
		_main
 This function uses a non-reentrant model


 *************** function _canSleep *****************
 Defined at:
		line 45 in file "../Src/os.c"
 Parameters:    Size  Location     Type
		None
 Auto vars:     Size  Location     Type
		None
 Return value:  Size  Location     Type
                  1    wreg      unsigned char 
 Registers used:
		wreg, fsr1l, fsr1h, status,2, status,0, pclath, cstack
 Tracked objects:
		On entry : 
		On exit  : 
		Unchanged: 
 Data sizes:     COMMON  BANK0h  BANK0l   BANK1   BANK2
      Params:         0       0       0       0       0
      Locals:         0       0       0       0       0
      Temps:          0       0       0       0       0
      Totals:         0       0       0       0       0
Total ram usage:        0 bytes
 Hardware stack levels used:    1
 Hardware stack levels required when called:    4
 This function calls:
		_allTimerDeactive
 This function is called by:
		_main
 This function uses a non-reentrant model


 *************** function _allTimerDeactive *****************
 Defined at:
		line 103 in file "../Src/os.c"
 Parameters:    Size  Location     Type
		None
 Auto vars:     Size  Location     Type
  i               1    1[BANK0h] unsigned char 
 Return value:  Size  Location     Type
                  1    wreg      unsigned char 
 Registers used:
		wreg, fsr1l, fsr1h, status,2, status,0
 Tracked objects:
		On entry : 
		On exit  : 
		Unchanged: 
 Data sizes:     COMMON  BANK0h  BANK0l   BANK1   BANK2
      Params:         0       0       0       0       0
      Locals:         0       1       0       0       0
      Temps:          0       1       0       0       0
      Totals:         0       2       0       0       0
Total ram usage:        2 bytes
 Hardware stack levels used:    1
 Hardware stack levels required when called:    3
 This function calls:
		Nothing
 This function is called by:
		_canSleep
 This function uses a non-reentrant model


 *************** function _Sys_Ini *****************
 Defined at:
		line 54 in file "C:/Users/acer/Desktop/_GitConDev/Firmware/App/Src/driver.c"
 Parameters:    Size  Location     Type
		None
 Auto vars:     Size  Location     Type
  count           2    0[BANK0h] unsigned short 
 Return value:  Size  Location     Type
                  1    wreg      void 
 Registers used:
		wreg, status,2, status,0, pclath, cstack
 Tracked objects:
		On entry : 
		On exit  : 
		Unchanged: 
 Data sizes:     COMMON  BANK0h  BANK0l   BANK1   BANK2
      Params:         0       0       0       0       0
      Locals:         0       2       0       0       0
      Temps:          0       0       0       0       0
      Totals:         0       2       0       0       0
Total ram usage:        2 bytes
 Hardware stack levels used:    1
 Hardware stack levels required when called:    4
 This function calls:
		_Ini_Dio
		_Ini_Oscillator
		_com_ini
 This function is called by:
		_main
 This function uses a non-reentrant model


 *************** function _com_ini *****************
 Defined at:
		line 147 in file "C:/Users/acer/Desktop/_GitConDev/Firmware/App/Src/uart.c"
 Parameters:    Size  Location     Type
		None
 Auto vars:     Size  Location     Type
		None
 Return value:  Size  Location     Type
                  1    wreg      void 
 Registers used:
		wreg
 Tracked objects:
		On entry : 
		On exit  : 
		Unchanged: 
 Data sizes:     COMMON  BANK0h  BANK0l   BANK1   BANK2
      Params:         0       0       0       0       0
      Locals:         0       0       0       0       0
      Temps:          0       0       0       0       0
      Totals:         0       0       0       0       0
Total ram usage:        0 bytes
 Hardware stack levels used:    1
 Hardware stack levels required when called:    3
 This function calls:
		Nothing
 This function is called by:
		_Sys_Ini
 This function uses a non-reentrant model


 *************** function _Ini_Oscillator *****************
 Defined at:
		line 80 in file "C:/Users/acer/Desktop/_GitConDev/Firmware/App/Src/driver.c"
 Parameters:    Size  Location     Type
		None
 Auto vars:     Size  Location     Type
		None
 Return value:  Size  Location     Type
                  1    wreg      void 
 Registers used:
		wreg, status,2, status,0
 Tracked objects:
		On entry : 
		On exit  : 
		Unchanged: 
 Data sizes:     COMMON  BANK0h  BANK0l   BANK1   BANK2
      Params:         0       0       0       0       0
      Locals:         0       0       0       0       0
      Temps:          0       0       0       0       0
      Totals:         0       0       0       0       0
Total ram usage:        0 bytes
 Hardware stack levels used:    1
 Hardware stack levels required when called:    3
 This function calls:
		Nothing
 This function is called by:
		_Sys_Ini
 This function uses a non-reentrant model


 *************** function _Ini_Dio *****************
 Defined at:
		line 90 in file "C:/Users/acer/Desktop/_GitConDev/Firmware/App/Src/driver.c"
 Parameters:    Size  Location     Type
		None
 Auto vars:     Size  Location     Type
		None
 Return value:  Size  Location     Type
                  1    wreg      void 
 Registers used:
		wreg, status,2
 Tracked objects:
		On entry : 
		On exit  : 
		Unchanged: 
 Data sizes:     COMMON  BANK0h  BANK0l   BANK1   BANK2
      Params:         0       0       0       0       0
      Locals:         0       0       0       0       0
      Temps:          0       0       0       0       0
      Totals:         0       0       0       0       0
Total ram usage:        0 bytes
 Hardware stack levels used:    1
 Hardware stack levels required when called:    3
 This function calls:
		Nothing
 This function is called by:
		_Sys_Ini
 This function uses a non-reentrant model


 *************** function _isr *****************
 Defined at:
		line 4 in file "C:/Users/acer/Desktop/_GitConDev/Firmware/App/Src/driver.c"
 Parameters:    Size  Location     Type
		None
 Auto vars:     Size  Location     Type
		None
 Return value:  Size  Location     Type
                  1    wreg      void 
 Registers used:
		wreg, fsr0l, fsr0h, fsr1l, fsr1h, status,2, status,0, pclath, cstack
 Tracked objects:
		On entry : 
		On exit  : 
		Unchanged: 
 Data sizes:     COMMON  BANK0h  BANK0l   BANK1   BANK2
      Params:         0       0       0       0       0
      Locals:         0       0       0       0       0
      Temps:          2       0       0       0       0
      Totals:         2       0       0       0       0
Total ram usage:        2 bytes
 Hardware stack levels used:    1
 Hardware stack levels required when called:    2
 This function calls:
		_byte_received
		_byte_transmit
		_putNextEvent
 This function is called by:
		Interrupt level 1
 This function uses a non-reentrant model


 *************** function _putNextEvent *****************
 Defined at:
		line 63 in file "../Src/os.c"
 Parameters:    Size  Location     Type
  fptr            2    4[COMMON] PTR void 
		 -> handleTimer(1), 
  data            1    6[COMMON] PTR void 
		 -> NULL(0), 
 Auto vars:     Size  Location     Type
		None
 Return value:  Size  Location     Type
                  1    wreg      void 
 Registers used:
		wreg, fsr0l, fsr0h, fsr1l, fsr1h, status,2, status,0, pclath, cstack
 Tracked objects:
		On entry : 
		On exit  : 
		Unchanged: 
 Data sizes:     COMMON  BANK0h  BANK0l   BANK1   BANK2
      Params:         3       0       0       0       0
      Locals:         0       0       0       0       0
      Temps:          1       0       0       0       0
      Totals:         4       0       0       0       0
Total ram usage:        4 bytes
 Hardware stack levels used:    1
 Hardware stack levels required when called:    1
 This function calls:
		i1_com_send_data
 This function is called by:
		_isr
 This function uses a non-reentrant model


 *************** function i1_com_send_data *****************
 Defined at:
		line 5 in file "C:/Users/acer/Desktop/_GitConDev/Firmware/App/Src/uart.c"
 Parameters:    Size  Location     Type
  ptr             2    0[COMMON] PTR unsigned char 
		 -> printfB@dat(1), STR_9(7), STR_8(8), sn(0), 
		 -> pw1(0), STR_6(10), STR_4(9), Com@TempKey(8), 
		 -> Com@comData(18), Com@crc(1), STR_3(12), STR_1(15), 
  len             1    2[COMMON] unsigned char 
 Auto vars:     Size  Location     Type
		None
 Return value:  Size  Location     Type
                  1    wreg      void 
 Registers used:
		wreg, fsr0l, fsr0h, fsr1l, fsr1h, status,2, status,0, pclath
 Tracked objects:
		On entry : 
		On exit  : 
		Unchanged: 
 Data sizes:     COMMON  BANK0h  BANK0l   BANK1   BANK2
      Params:         3       0       0       0       0
      Locals:         0       0       0       0       0
      Temps:          1       0       0       0       0
      Totals:         4       0       0       0       0
Total ram usage:        4 bytes
 Hardware stack levels used:    1
 This function calls:
		Nothing
 This function is called by:
		_putNextEvent
 This function uses a non-reentrant model


 *************** function _byte_transmit *****************
 Defined at:
		line 186 in file "C:/Users/acer/Desktop/_GitConDev/Firmware/App/Src/uart.c"
 Parameters:    Size  Location     Type
		None
 Auto vars:     Size  Location     Type
		None
 Return value:  Size  Location     Type
                  1    wreg      void 
 Registers used:
		wreg, fsr1l, fsr1h, status,2, status,0
 Tracked objects:
		On entry : 
		On exit  : 
		Unchanged: 
 Data sizes:     COMMON  BANK0h  BANK0l   BANK1   BANK2
      Params:         0       0       0       0       0
      Locals:         0       0       0       0       0
      Temps:          1       0       0       0       0
      Totals:         1       0       0       0       0
Total ram usage:        1 bytes
 Hardware stack levels used:    1
 This function calls:
		Nothing
 This function is called by:
		_isr
 This function uses a non-reentrant model


 *************** function _byte_received *****************
 Defined at:
		line 171 in file "C:/Users/acer/Desktop/_GitConDev/Firmware/App/Src/uart.c"
 Parameters:    Size  Location     Type
		None
 Auto vars:     Size  Location     Type
		None
 Return value:  Size  Location     Type
                  1    wreg      void 
 Registers used:
		wreg, fsr1l, fsr1h, status,2, status,0
 Tracked objects:
		On entry : 
		On exit  : 
		Unchanged: 
 Data sizes:     COMMON  BANK0h  BANK0l   BANK1   BANK2
      Params:         0       0       0       0       0
      Locals:         0       0       0       0       0
      Temps:          1       0       0       0       0
      Totals:         1       0       0       0       0
Total ram usage:        1 bytes
 Hardware stack levels used:    1
 This function calls:
		Nothing
 This function is called by:
		_isr
 This function uses a non-reentrant model



MODULE INFORMATION

Module		Function		Class		Link	Load	Size
../Src/os.c
		_putNextEvent  		CODE           	034A	0000	47
		_swTimerOverflow		CODE           	045E	0000	23
		_main          		CODE           	0274	0000	58
		_allTimerDeactive		CODE           	0474	0000	22
		_getNextEvent  		CODE           	0445	0000	26
		_handleTimer   		CODE           	02E4	0000	54
		_canSleep      		CODE           	0506	0000	3

../Src/os.c estimated size: 233

C:/Users/acer/Desktop/_GitConDev/Firmware/App/Src/uart.c
		_byte_transmit 		CODE           	03CA	0000	37
		_com_get_rx_buf_lnt		CODE           	042B	0000	27
		_com_ini       		CODE           	04BD	0000	14
		_byte_received 		CODE           	03EE	0000	36
		_com_send_data 		CODE           	02AD	0000	56
		_com_rx_read_data		CODE           	0378	0000	42

C:/Users/acer/Desktop/_GitConDev/Firmware/App/Src/uart.c estimated size: 212

C:/Users/acer/Desktop/_GitConDev/Firmware/App/Src/driver.c
		_Ini_Dio       		CODE           	049C	0000	19
		_Sys_Ini       		CODE           	03A1	0000	42
		_Ini_Oscillator		CODE           	04F1	0000	9
		_isr           		CODE           	0004	0000	54

C:/Users/acer/Desktop/_GitConDev/Firmware/App/Src/driver.c estimated size: 124

shared
		_AppCrcDebug   		CODE           	07DE	0000	3
		__initialization		CODE           	003A	0000	17
		i1_com_send_data		CODE           	0319	0000	50
		_AppVer        		CODE           	07DD	0000	2

shared estimated size: 72

C:/Users/acer/Desktop/_GitConDev/Firmware/App/Src/app.c
		_LedUpdate     		CODE           	0411	0000	27
		_led0_blink    		CODE           	0489	0000	20
		_fdr           		CODE           	0222	0000	83
		_ddpSimp       		CODE           	018E	0000	149
		_Com           		CODE           	004D	0000	322

C:/Users/acer/Desktop/_GitConDev/Firmware/App/Src/app.c estimated size: 601

